Archive member included to satisfy reference by file (symbol)

/opt/devkitPro/libctru/lib/libctru.a(console.o)
                              main.o (consoleInit)
/opt/devkitPro/libctru/lib/libctru.a(gfx.o)
                              /opt/devkitPro/libctru/lib/libctru.a(console.o) (gfxSetScreenFormat)
/opt/devkitPro/libctru/lib/libctru.a(synchronization.o)
                              main.o (__sync_get_arbiter)
/opt/devkitPro/libctru/lib/libctru.a(thread.o)
                              main.o (threadCreate)
/opt/devkitPro/libctru/lib/libctru.a(gx.o)
                              /opt/devkitPro/libctru/lib/libctru.a(gfx.o) (gxCmdBuf)
/opt/devkitPro/libctru/lib/libctru.a(apt.o)
                              main.o (aptOpenSession)
/opt/devkitPro/libctru/lib/libctru.a(gspgpu.o)
                              /opt/devkitPro/libctru/lib/libctru.a(gfx.o) (gspInit)
/opt/devkitPro/libctru/lib/libctru.a(hid.o)
                              main.o (hidScanInput)
/opt/devkitPro/libctru/lib/libctru.a(irrst.o)
                              /opt/devkitPro/libctru/lib/libctru.a(hid.o) (irrstScanInput)
/opt/devkitPro/libctru/lib/libctru.a(allocateHeaps.o)
                              main.o (__ctru_heap_size)
/opt/devkitPro/libctru/lib/libctru.a(initArgv.o)
                              /opt/devkitPro/devkitARM/bin/../lib/gcc/arm-none-eabi/5.3.0/../../../../arm-none-eabi/lib/armv6k/fpu/3dsx_crt0.o (__system_argc)
/opt/devkitPro/libctru/lib/libctru.a(initSystem.o)
                              /opt/devkitPro/libctru/lib/libctru.a(apt.o) (__system_retAddr)
/opt/devkitPro/libctru/lib/libctru.a(syscalls.o)
                              /opt/devkitPro/libctru/lib/libctru.a(initSystem.o) (__system_initSyscalls)
/opt/devkitPro/libctru/lib/libctru.a(svc.o)
                              main.o (svcControlMemory)
/opt/devkitPro/libctru/lib/libctru.a(stack_adjust.o)
                              /opt/devkitPro/devkitARM/bin/../lib/gcc/arm-none-eabi/5.3.0/../../../../arm-none-eabi/lib/armv6k/fpu/3dsx_crt0.o (initSystem)
/opt/devkitPro/libctru/lib/libctru.a(default_font.bin.o)
                              /opt/devkitPro/libctru/lib/libctru.a(console.o) (default_font_bin)
/opt/devkitPro/libctru/lib/libctru.a(linear.o)
                              /opt/devkitPro/libctru/lib/libctru.a(gfx.o) (linearAlloc)
/opt/devkitPro/libctru/lib/libctru.a(mappable.o)
                              /opt/devkitPro/libctru/lib/libctru.a(gfx.o) (mappableAlloc)
/opt/devkitPro/libctru/lib/libctru.a(mem_pool.o)
                              /opt/devkitPro/libctru/lib/libctru.a(linear.o) (MemPool::Allocate(MemChunk&, unsigned long, int))
/opt/devkitPro/libctru/lib/libctru.a(vram.o)
                              /opt/devkitPro/libctru/lib/libctru.a(gfx.o) (vramAlloc)
/opt/devkitPro/libctru/lib/libctru.a(env.o)
                              /opt/devkitPro/libctru/lib/libctru.a(irrst.o) (envGetHandle)
/opt/devkitPro/libctru/lib/libctru.a(os.o)
                              /opt/devkitPro/libctru/lib/libctru.a(allocateHeaps.o) (osGetMemRegionUsed)
/opt/devkitPro/libctru/lib/libctru.a(srv.o)
                              /opt/devkitPro/libctru/lib/libctru.a(apt.o) (srvGetServiceHandle)
/opt/devkitPro/libctru/lib/libctru.a(ptmsysm.o)
                              /opt/devkitPro/libctru/lib/libctru.a(os.o) (ptmSysmInit)
/opt/devkitPro/libctru/lib/libctru.a(rbtree_find.o)
                              /opt/devkitPro/libctru/lib/libctru.a(linear.o) (rbtree_find)
/opt/devkitPro/libctru/lib/libctru.a(rbtree_init.o)
                              /opt/devkitPro/libctru/lib/libctru.a(linear.o) (rbtree_init)
/opt/devkitPro/libctru/lib/libctru.a(rbtree_insert.o)
                              /opt/devkitPro/libctru/lib/libctru.a(linear.o) (rbtree_insert)
/opt/devkitPro/libctru/lib/libctru.a(rbtree_remove.o)
                              /opt/devkitPro/libctru/lib/libctru.a(linear.o) (rbtree_remove)
/opt/devkitPro/libctru/lib/libctru.a(rbtree_rotate.o)
                              /opt/devkitPro/libctru/lib/libctru.a(rbtree_insert.o) (rbtree_rotate)
/opt/devkitPro/libctru/lib/libctru.a(appExit.o)
                              /opt/devkitPro/libctru/lib/libctru.a(stack_adjust.o) (__appExit)
/opt/devkitPro/libctru/lib/libctru.a(appInit.o)
                              /opt/devkitPro/libctru/lib/libctru.a(stack_adjust.o) (__appInit)
/opt/devkitPro/libctru/lib/libctru.a(ctru_exit.o)
                              /opt/devkitPro/libctru/lib/libctru.a(stack_adjust.o) (__libctru_exit)
/opt/devkitPro/libctru/lib/libctru.a(sdmc_dev.o)
                              /opt/devkitPro/libctru/lib/libctru.a(appInit.o) (sdmcInit)
/opt/devkitPro/libctru/lib/libctru.a(fs.o)
                              /opt/devkitPro/libctru/lib/libctru.a(appInit.o) (fsInit)
/opt/devkitPro/libctru/lib/libctru.a(rbtree_iterator.o)
                              /opt/devkitPro/libctru/lib/libctru.a(rbtree_remove.o) (rbtree_node_next)
/opt/devkitPro/libctru/lib/libctru.a(decode_utf8.o)
[...]
Memory Configuration

Name             Origin             Length             Attributes
*default*        0x0000000000000000 0xffffffffffffffff

Linker script and memory map

                0x0000000000100000                . = 0x100000
                0x0000000000100000                __start__ = .

.text           0x0000000000100000    0x2137c
 *(.crt0)
 .crt0          0x0000000000100000       0x94 /opt/devkitPro/devkitARM/bin/../lib/gcc/arm-none-eabi/5.3.0/../../../../arm-none-eabi/lib/armv6k/fpu/3dsx_crt0.o
                0x0000000000100000                _start
                0x0000000000100008                __service_ptr
                0x000000000010000c                __apt_appid
                0x0000000000100010                __heap_size
                0x0000000000100014                __linear_heap_size
                0x0000000000100018                __system_arglist
                0x000000000010001c                __system_runflags
 *(.init)
 .init          0x0000000000100094        0xc /opt/devkitPro/devkitARM/bin/../lib/gcc/arm-none-eabi/5.3.0/armv6k/fpu/crti.o
                0x0000000000100094                _init
 .init          0x00000000001000a0        0xc /opt/devkitPro/devkitARM/bin/../lib/gcc/arm-none-eabi/5.3.0/armv6k/fpu/crtn.o
                0x00000000001000ac                . = ALIGN (0x4)
 *(.text)
 .text          0x00000000001000ac      0x108 /opt/devkitPro/devkitARM/bin/../lib/gcc/arm-none-eabi/5.3.0/armv6k/fpu/crtbegin.o
 .text          0x00000000001001b4       0x64 /opt/devkitPro/libctru/lib/libctru.a(stack_adjust.o)
                0x00000000001001b4                initSystem
                0x00000000001001f8                __ctru_exit
 .text          0x0000000000100218      0x240 /opt/devkitPro/devkitARM/bin/../lib/gcc/arm-none-eabi/5.3.0/armv6k/fpu/libgcc.a(_divsi3.o)
                0x0000000000100218                __aeabi_idiv
                0x0000000000100218                __divsi3
                0x0000000000100438                __aeabi_idivmod
 .text          0x0000000000100458        0x4 /opt/devkitPro/devkitARM/bin/../lib/gcc/arm-none-eabi/5.3.0/armv6k/fpu/libgcc.a(_dvmd_tls.o)
                0x0000000000100458                __aeabi_ldiv0
                0x0000000000100458                __aeabi_idiv0
 *fill*         0x000000000010045c        0x4 
 .text          0x0000000000100460      0x3a0 /opt/devkitPro/devkitARM/bin/../lib/gcc/arm-none-eabi/5.3.0/../../../../arm-none-eabi/lib/armv6k/fpu/libg.a(lib_a-strcmp.o)
                0x0000000000100468                strcmp
 .text          0x0000000000100800      0x1c4 /opt/devkitPro/devkitARM/bin/../lib/gcc/arm-none-eabi/5.3.0/../../../../arm-none-eabi/lib/armv6k/fpu/libsysbase.a(iosupport.o)
                0x0000000000100808                setDefaultDevice
                0x0000000000100820                FindDevice
                0x00000000001008dc                RemoveDevice
                0x0000000000100908                AddDevice
                0x00000000001009a0                GetDeviceOpTab
 .text          0x00000000001009c4       0x7c /opt/devkitPro/devkitARM/bin/../lib/gcc/arm-none-eabi/5.3.0/../../../../arm-none-eabi/lib/armv6k/fpu/libsysbase.a(close.o)
                0x00000000001009c4                _close_r
 .text          0x0000000000100a40       0x6c /opt/devkitPro/devkitARM/bin/../lib/gcc/arm-none-eabi/5.3.0/../../../../arm-none-eabi/lib/armv6k/fpu/libsysbase.a(fstat.o)
                0x0000000000100a40                _fstat_r
 .text          0x0000000000100aac        0x8 /opt/devkitPro/devkitARM/bin/../lib/gcc/arm-none-eabi/5.3.0/../../../../arm-none-eabi/lib/armv6k/fpu/libsysbase.a(isatty.o)
                0x0000000000100aac                _isatty_r
 .text          0x0000000000100ab4       0x78 /opt/devkitPro/devkitARM/bin/../lib/gcc/arm-none-eabi/5.3.0/../../../../arm-none-eabi/lib/armv6k/fpu/libsysbase.a(lseek.o)
                0x0000000000100ab4                _lseek_r
 .text          0x0000000000100b2c       0x78 /opt/devkitPro/devkitARM/bin/../lib/gcc/arm-none-eabi/5.3.0/../../../../arm-none-eabi/lib/armv6k/fpu/libsysbase.a(read.o)
                0x0000000000100b2c                _read_r
 .text          0x0000000000100ba4       0x70 /opt/devkitPro/devkitARM/bin/../lib/gcc/arm-none-eabi/5.3.0/../../../../arm-none-eabi/lib/armv6k/fpu/libsysbase.a(sbrk.o)
                0x0000000000100ba4                _sbrk_r
 .text          0x0000000000100c14       0x78 /opt/devkitPro/devkitARM/bin/../lib/gcc/arm-none-eabi/5.3.0/../../../../arm-none-eabi/lib/armv6k/fpu/libsysbase.a(write.o)
                0x0000000000100c14                _write_r
 .text          0x0000000000100c8c      0x3b0 /opt/devkitPro/devkitARM/bin/../lib/gcc/arm-none-eabi/5.3.0/../../../../arm-none-eabi/lib/armv6k/fpu/libsysbase.a(chdir.o)
                0x0000000000100c8c                _concatenate_path
                0x0000000000100e48                chdir
                0x0000000000100f9c                getcwd
 .text          0x000000000010103c       0x10 /opt/devkitPro/devkitARM/bin/../lib/gcc/arm-none-eabi/5.3.0/../../../../arm-none-eabi/lib/armv6k/fpu/libsysbase.a(flock.o)
                0x000000000010103c                __flockfile
                0x0000000000101044                __funlockfile
 .text          0x000000000010104c      0x108 /opt/devkitPro/devkitARM/bin/../lib/gcc/arm-none-eabi/5.3.0/../../../../arm-none-eabi/lib/armv6k/fpu/libsysbase.a(syscall_support.o)
                0x000000000010104c                __libc_lock_init
                0x0000000000101064                __libc_lock_acquire
                0x000000000010107c                __libc_lock_try_acquire
                0x00000000001010a0                __libc_lock_release
                0x00000000001010b8                __libc_lock_close
                0x00000000001010d0                __libc_lock_init_recursive
                0x00000000001010e8                __libc_lock_acquire_recursive
                0x0000000000101100                __libc_lock_try_acquire_recursive
                0x0000000000101124                __libc_lock_release_recursive
                0x000000000010113c                __libc_lock_close_recursive
 .text          0x0000000000101154      0x2c4 /opt/devkitPro/devkitARM/bin/../lib/gcc/arm-none-eabi/5.3.0/../../../../arm-none-eabi/lib/armv6k/fpu/libsysbase.a(handle_manager.o)
                0x0000000000101154                __free_handle
                0x0000000000101198                __release_handle
                0x00000000001011d4                __alloc_handle
                0x000000000010124c                __get_handle
                0x0000000000101268                dup
                0x000000000010130c                dup2
 .text          0x0000000000101418       0x28 /opt/devkitPro/devkitARM/bin/../lib/gcc/arm-none-eabi/5.3.0/../../../../arm-none-eabi/lib/armv6k/fpu/libsysbase.a(getreent.o)
                0x0000000000101418                __getreent
 .text          0x0000000000101440      0x20c /opt/devkitPro/devkitARM/bin/../lib/gcc/arm-none-eabi/5.3.0/armv6k/fpu/libgcc.a(_udivsi3.o)
                0x0000000000101440                __udivsi3
                0x0000000000101440                __aeabi_uidiv
                0x000000000010162c                __aeabi_uidivmod
 .text          0x000000000010164c       0x3c /opt/devkitPro/devkitARM/bin/../lib/gcc/arm-none-eabi/5.3.0/armv6k/fpu/libgcc.a(_aeabi_uldivmod.o)
                0x000000000010164c                __aeabi_uldivmod
 .text          0x0000000000101688      0x128 /opt/devkitPro/devkitARM/bin/../lib/gcc/arm-none-eabi/5.3.0/armv6k/fpu/libgcc.a(_udivmoddi4.o)
                0x0000000000101688                __udivmoddi4
 *(.text.*)
 .text.svcCreateTimerKAddr
                0x00000000001017b0       0x20 main.o
 .text.delay_thread
                0x00000000001017d0       0x38 main.o
 .text.wait_raw_mapped
                0x0000000000101808       0x4c main.o
 .text.allocate_thread
                0x0000000000101854       0x50 main.o
 .text.begin_map_pages.constprop.1
                0x00000000001018a4       0x7c main.o
 .text.do_hax   0x0000000000101920      0x238 main.o
                0x0000000000101920                do_hax
 .text.startup.main
                0x0000000000101b58       0x64 main.o
                0x0000000000101b58                main
 .text.debug_write
                0x0000000000101bbc       0x1c /opt/devkitPro/libctru/lib/libctru.a(console.o)
                0x0000000000101bbc                debug_write
 .text.consoleDrawChar
                0x0000000000101bd8      0x1ac /opt/devkitPro/libctru/lib/libctru.a(console.o)
                0x0000000000101bd8                consoleDrawChar
 .text.consolePrintChar
                0x0000000000101d84      0x128 /opt/devkitPro/libctru/lib/libctru.a(console.o)
                0x0000000000101d84                consolePrintChar
 .text.consoleCls
                0x0000000000101eac      0x184 /opt/devkitPro/libctru/lib/libctru.a(console.o)
 .text.consoleInit
                0x0000000000102030       0xf8 /opt/devkitPro/libctru/lib/libctru.a(console.o)
                0x0000000000102030                consoleInit
 .text.consoleClearLine
                0x0000000000102128      0x138 /opt/devkitPro/libctru/lib/libctru.a(console.o)
 .text.newRow   0x0000000000102260       0xc0 /opt/devkitPro/libctru/lib/libctru.a(console.o)
 .text.con_write
                0x0000000000102320      0x86c /opt/devkitPro/libctru/lib/libctru.a(console.o)
                0x0000000000102320                con_write
 .text.gfxSetFramebufferInfo.part.0
                0x0000000000102b8c       0x8c /opt/devkitPro/libctru/lib/libctru.a(gfx.o)
 .text.gfxSetScreenFormat
                0x0000000000102c18       0x18 /opt/devkitPro/libctru/lib/libctru.a(gfx.o)
                0x0000000000102c18                gfxSetScreenFormat
 .text.gfxSetDoubleBuffering
                0x0000000000102c30       0x14 /opt/devkitPro/libctru/lib/libctru.a(gfx.o)
                0x0000000000102c30                gfxSetDoubleBuffering
 .text.gfxSetFramebufferInfo
                0x0000000000102c44       0x70 /opt/devkitPro/libctru/lib/libctru.a(gfx.o)
                0x0000000000102c44                gfxSetFramebufferInfo
 .text.gfxWriteFramebufferInfo
                0x0000000000102cb4       0xc4 /opt/devkitPro/libctru/lib/libctru.a(gfx.o)
                0x0000000000102cb4                gfxWriteFramebufferInfo
 .text.gfxInit  0x0000000000102d78      0x1d0 /opt/devkitPro/libctru/lib/libctru.a(gfx.o)
                0x0000000000102d78                gfxInit
 .text.gfxInitDefault
                0x0000000000102f48       0x10 /opt/devkitPro/libctru/lib/libctru.a(gfx.o)
                0x0000000000102f48                gfxInitDefault
 .text.gfxExit  0x0000000000102f58       0xe0 /opt/devkitPro/libctru/lib/libctru.a(gfx.o)
                0x0000000000102f58                gfxExit
 .text.gfxGetFramebuffer
                0x0000000000103038       0xb0 /opt/devkitPro/libctru/lib/libctru.a(gfx.o)
                0x0000000000103038                gfxGetFramebuffer
 .text.gfxFlushBuffers
                0x00000000001030e8       0xcc /opt/devkitPro/libctru/lib/libctru.a(gfx.o)
                0x00000000001030e8                gfxFlushBuffers
 .text.gfxSwapBuffers
                0x00000000001031b4       0x6c /opt/devkitPro/libctru/lib/libctru.a(gfx.o)
                0x00000000001031b4                gfxSwapBuffers
 .text.gfxSwapBuffersGpu
                0x0000000000103220       0x5c /opt/devkitPro/libctru/lib/libctru.a(gfx.o)
                0x0000000000103220                gfxSwapBuffersGpu
 .text.LightLock_Unlock.part.1
                0x000000000010327c       0x34 /opt/devkitPro/libctru/lib/libctru.a(synchronization.o)
 .text.__sync_init
                0x00000000001032b0        0xc /opt/devkitPro/libctru/lib/libctru.a(synchronization.o)
                0x00000000001032b0                __sync_init
 .text.__sync_fini
                0x00000000001032bc       0x18 /opt/devkitPro/libctru/lib/libctru.a(synchronization.o)
                0x00000000001032bc                __sync_fini
 .text.__sync_get_arbiter
                0x00000000001032d4       0x10 /opt/devkitPro/libctru/lib/libctru.a(synchronization.o)
                0x00000000001032d4                __sync_get_arbiter
 .text.LightLock_Init
                0x00000000001032e4       0x18 /opt/devkitPro/libctru/lib/libctru.a(synchronization.o)
                0x00000000001032e4                LightLock_Init
 .text.LightLock_Lock
                0x00000000001032fc       0x94 /opt/devkitPro/libctru/lib/libctru.a(synchronization.o)
                0x00000000001032fc                LightLock_Lock
 .text.LightLock_TryLock
                0x0000000000103390       0x34 /opt/devkitPro/libctru/lib/libctru.a(synchronization.o)
                0x0000000000103390                LightLock_TryLock
 .text.LightLock_Unlock
                0x00000000001033c4       0x20 /opt/devkitPro/libctru/lib/libctru.a(synchronization.o)
                0x00000000001033c4                LightLock_Unlock
 .text.RecursiveLock_Init
                0x00000000001033e4       0x24 /opt/devkitPro/libctru/lib/libctru.a(synchronization.o)
                0x00000000001033e4                RecursiveLock_Init
 .text.RecursiveLock_Lock
                0x0000000000103408       0x30 /opt/devkitPro/libctru/lib/libctru.a(synchronization.o)
                0x0000000000103408                RecursiveLock_Lock
 .text.RecursiveLock_TryLock
                0x0000000000103438       0x58 /opt/devkitPro/libctru/lib/libctru.a(synchronization.o)
                0x0000000000103438                RecursiveLock_TryLock
 .text.RecursiveLock_Unlock
                0x0000000000103490       0x38 /opt/devkitPro/libctru/lib/libctru.a(synchronization.o)
                0x0000000000103490                RecursiveLock_Unlock
 .text.threadCreate
                0x00000000001034c8      0x1c8 /opt/devkitPro/libctru/lib/libctru.a(thread.o)
                0x00000000001034c8                threadCreate
 .text.threadJoin
                0x0000000000103690       0x24 /opt/devkitPro/libctru/lib/libctru.a(thread.o)
                0x0000000000103690                threadJoin
 .text.threadExit
                0x00000000001036b4       0x6c /opt/devkitPro/libctru/lib/libctru.a(thread.o)
                0x00000000001036b4                threadExit
 .text._thread_begin
                0x0000000000103720       0x3c /opt/devkitPro/libctru/lib/libctru.a(thread.o)
 .text.__apt_initservicehandle
                0x000000000010375c       0x68 /opt/devkitPro/libctru/lib/libctru.a(apt.o)
 .text._aptDebug
                0x00000000001037c4        0x4 /opt/devkitPro/libctru/lib/libctru.a(apt.o)
                0x00000000001037c4                _aptDebug
 .text.aptInitCaptureInfo
                0x00000000001037c8       0x98 /opt/devkitPro/libctru/lib/libctru.a(apt.o)
                0x00000000001037c8                aptInitCaptureInfo
 .text.aptWaitStatusEvent
                0x0000000000103860       0x28 /opt/devkitPro/libctru/lib/libctru.a(apt.o)
                0x0000000000103860                aptWaitStatusEvent
 .text.aptGetMenuAppID
                0x0000000000103888       0x60 /opt/devkitPro/libctru/lib/libctru.a(apt.o)
                0x0000000000103888                aptGetMenuAppID
 .text.aptSetStatus
                0x00000000001038e8       0x6c /opt/devkitPro/libctru/lib/libctru.a(apt.o)
                0x00000000001038e8                aptSetStatus
 .text.aptOpenSession
                0x0000000000103954       0x18 /opt/devkitPro/libctru/lib/libctru.a(apt.o)
                0x0000000000103954                aptOpenSession
 .text.aptCloseSession
                0x000000000010396c       0x24 /opt/devkitPro/libctru/lib/libctru.a(apt.o)
                0x000000000010396c                aptCloseSession
 .text.APT_GetLockHandle
                0x0000000000103990       0x48 /opt/devkitPro/libctru/lib/libctru.a(apt.o)
                0x0000000000103990                APT_GetLockHandle
 .text.APT_Initialize
                0x00000000001039d8       0x60 /opt/devkitPro/libctru/lib/libctru.a(apt.o)
                0x00000000001039d8                APT_Initialize
 .text.APT_Finalize
                0x0000000000103a38       0x34 /opt/devkitPro/libctru/lib/libctru.a(apt.o)
                0x0000000000103a38                APT_Finalize
 .text.APT_InquireNotification
                0x0000000000103a6c       0x48 /opt/devkitPro/libctru/lib/libctru.a(apt.o)
                0x0000000000103a6c                APT_InquireNotification
 .text.APT_PrepareToJumpToHomeMenu
                0x0000000000103ab4       0x2c /opt/devkitPro/libctru/lib/libctru.a(apt.o)
                0x0000000000103ab4                APT_PrepareToJumpToHomeMenu
 .text.APT_JumpToHomeMenu
                0x0000000000103ae0       0x50 /opt/devkitPro/libctru/lib/libctru.a(apt.o)
                0x0000000000103ae0                APT_JumpToHomeMenu
 .text.APT_PrepareToJumpToApplication
                0x0000000000103b30       0x34 /opt/devkitPro/libctru/lib/libctru.a(apt.o)
                0x0000000000103b30                APT_PrepareToJumpToApplication
 .text.APT_JumpToApplication
                0x0000000000103b64       0x50 /opt/devkitPro/libctru/lib/libctru.a(apt.o)
                0x0000000000103b64                APT_JumpToApplication
 .text.APT_NotifyToWait
                0x0000000000103bb4       0x34 /opt/devkitPro/libctru/lib/libctru.a(apt.o)
                0x0000000000103bb4                APT_NotifyToWait
 .text.APT_AppletUtility
                0x0000000000103be8       0x7c /opt/devkitPro/libctru/lib/libctru.a(apt.o)
                0x0000000000103be8                APT_AppletUtility
 .text.aptAppletUtility_Exit_RetToApp
                0x0000000000103c64      0x188 /opt/devkitPro/libctru/lib/libctru.a(apt.o)
                0x0000000000103c64                aptAppletUtility_Exit_RetToApp
 .text.aptAppletClosed
                0x0000000000103dec       0x3c /opt/devkitPro/libctru/lib/libctru.a(apt.o)
                0x0000000000103dec                aptAppletClosed
 .text.aptAppStarted
                0x0000000000103e28      0x114 /opt/devkitPro/libctru/lib/libctru.a(apt.o)
 .text.aptInit  0x0000000000103f3c      0x298 /opt/devkitPro/libctru/lib/libctru.a(apt.o)
                0x0000000000103f3c                aptInit
 .text.APT_ReceiveParameter
                0x00000000001041d4       0x6c /opt/devkitPro/libctru/lib/libctru.a(apt.o)
                0x00000000001041d4                APT_ReceiveParameter
 .text.APT_SendParameter
                0x0000000000104240       0x64 /opt/devkitPro/libctru/lib/libctru.a(apt.o)
                0x0000000000104240                APT_SendParameter
 .text.APT_SendCaptureBufferInfo
                0x00000000001042a4       0x44 /opt/devkitPro/libctru/lib/libctru.a(apt.o)
                0x00000000001042a4                APT_SendCaptureBufferInfo
 .text.aptReturnToMenu
                0x00000000001042e8      0x264 /opt/devkitPro/libctru/lib/libctru.a(apt.o)
                0x00000000001042e8                aptReturnToMenu
 .text.APT_ReplySleepQuery
                0x000000000010454c       0x38 /opt/devkitPro/libctru/lib/libctru.a(apt.o)
                0x000000000010454c                APT_ReplySleepQuery
 .text.APT_ReplySleepNotificationComplete
                0x0000000000104584       0x34 /opt/devkitPro/libctru/lib/libctru.a(apt.o)
                0x0000000000104584                APT_ReplySleepNotificationComplete
 .text.aptEventHandler
                0x00000000001045b8      0x3f4 /opt/devkitPro/libctru/lib/libctru.a(apt.o)
                0x00000000001045b8                aptEventHandler
 .text.APT_PrepareToCloseApplication
                0x00000000001049ac       0x34 /opt/devkitPro/libctru/lib/libctru.a(apt.o)
                0x00000000001049ac                APT_PrepareToCloseApplication
 .text.APT_CloseApplication
                0x00000000001049e0       0x50 /opt/devkitPro/libctru/lib/libctru.a(apt.o)
                0x00000000001049e0                APT_CloseApplication
 .text.aptExit  0x0000000000104a30      0x2d0 /opt/devkitPro/libctru/lib/libctru.a(apt.o)
                0x0000000000104a30                aptExit
 .text.APT_SetAppCpuTimeLimit
                0x0000000000104d00       0x3c /opt/devkitPro/libctru/lib/libctru.a(apt.o)
                0x0000000000104d00                APT_SetAppCpuTimeLimit
 .text.APT_CheckNew3DS_System
                0x0000000000104d3c       0x6c /opt/devkitPro/libctru/lib/libctru.a(apt.o)
                0x0000000000104d3c                APT_CheckNew3DS_System
 .text.APT_CheckNew3DS
                0x0000000000104da8       0x8c /opt/devkitPro/libctru/lib/libctru.a(apt.o)
                0x0000000000104da8                APT_CheckNew3DS
 .text.APT_StartLibraryApplet
                0x0000000000104e34       0x54 /opt/devkitPro/libctru/lib/libctru.a(apt.o)
                0x0000000000104e34                APT_StartLibraryApplet
 .text.aptAppletStarted
                0x0000000000104e88      0x174 /opt/devkitPro/libctru/lib/libctru.a(apt.o)
                0x0000000000104e88                aptAppletStarted
 .text.aptMainLoop
                0x0000000000104ffc      0x1a4 /opt/devkitPro/libctru/lib/libctru.a(apt.o)
                0x0000000000104ffc                aptMainLoop
 .text.gspEventThreadMain
                0x00000000001051a0       0xe8 /opt/devkitPro/libctru/lib/libctru.a(gspgpu.o)
 .text.gspInit  0x0000000000105288       0x74 /opt/devkitPro/libctru/lib/libctru.a(gspgpu.o)
                0x0000000000105288                gspInit
 .text.gspExit  0x00000000001052fc       0x3c /opt/devkitPro/libctru/lib/libctru.a(gspgpu.o)
                0x00000000001052fc                gspExit
 .text.gspInitEventHandler
                0x0000000000105338       0xd0 /opt/devkitPro/libctru/lib/libctru.a(gspgpu.o)
                0x0000000000105338                gspInitEventHandler
 .text.gspExitEventHandler
                0x0000000000105408       0x5c /opt/devkitPro/libctru/lib/libctru.a(gspgpu.o)
                0x0000000000105408                gspExitEventHandler
 .text.gspWaitForEvent
                0x0000000000105464       0x58 /opt/devkitPro/libctru/lib/libctru.a(gspgpu.o)
                0x0000000000105464                gspWaitForEvent
 .text.GSPGPU_SetBufferSwap
                0x00000000001054bc       0x6c /opt/devkitPro/libctru/lib/libctru.a(gspgpu.o)
                0x00000000001054bc                GSPGPU_SetBufferSwap
 .text.GSPGPU_FlushDataCache
                0x0000000000105528       0x4c /opt/devkitPro/libctru/lib/libctru.a(gspgpu.o)
                0x0000000000105528                GSPGPU_FlushDataCache
 .text.GSPGPU_SetLcdForceBlack
                0x0000000000105574       0x34 /opt/devkitPro/libctru/lib/libctru.a(gspgpu.o)
                0x0000000000105574                GSPGPU_SetLcdForceBlack
 .text.GSPGPU_RegisterInterruptRelayQueue
                0x00000000001055a8       0x64 /opt/devkitPro/libctru/lib/libctru.a(gspgpu.o)
                0x00000000001055a8                GSPGPU_RegisterInterruptRelayQueue
 .text.GSPGPU_UnregisterInterruptRelayQueue
                0x000000000010560c       0x2c /opt/devkitPro/libctru/lib/libctru.a(gspgpu.o)
                0x000000000010560c                GSPGPU_UnregisterInterruptRelayQueue
 .text.GSPGPU_AcquireRight
                0x0000000000105638       0x48 /opt/devkitPro/libctru/lib/libctru.a(gspgpu.o)
                0x0000000000105638                GSPGPU_AcquireRight
 .text.GSPGPU_ReleaseRight
                0x0000000000105680       0x2c /opt/devkitPro/libctru/lib/libctru.a(gspgpu.o)
                0x0000000000105680                GSPGPU_ReleaseRight
 .text.GSPGPU_ImportDisplayCaptureInfo
                0x00000000001056ac       0x80 /opt/devkitPro/libctru/lib/libctru.a(gspgpu.o)
                0x00000000001056ac                GSPGPU_ImportDisplayCaptureInfo
 .text.GSPGPU_SaveVramSysArea
                0x000000000010572c       0x2c /opt/devkitPro/libctru/lib/libctru.a(gspgpu.o)
                0x000000000010572c                GSPGPU_SaveVramSysArea
 .text.GSPGPU_RestoreVramSysArea
                0x0000000000105758       0x2c /opt/devkitPro/libctru/lib/libctru.a(gspgpu.o)
                0x0000000000105758                GSPGPU_RestoreVramSysArea
 .text.hidExit  0x0000000000105784       0xd8 /opt/devkitPro/libctru/lib/libctru.a(hid.o)
                0x0000000000105784                hidExit
 .text.hidScanInput
                0x000000000010585c      0x238 /opt/devkitPro/libctru/lib/libctru.a(hid.o)
                0x000000000010585c                hidScanInput
 .text.hidKeysDown
                0x0000000000105a94       0x10 /opt/devkitPro/libctru/lib/libctru.a(hid.o)
                0x0000000000105a94                hidKeysDown
 .text.HIDUSER_GetHandles
                0x0000000000105aa4       0x90 /opt/devkitPro/libctru/lib/libctru.a(hid.o)
                0x0000000000105aa4                HIDUSER_GetHandles
 .text.hidInit  0x0000000000105b34      0x184 /opt/devkitPro/libctru/lib/libctru.a(hid.o)
                0x0000000000105b34                hidInit
 .text.irrstScanInput
                0x0000000000105cb8       0xb0 /opt/devkitPro/libctru/lib/libctru.a(irrst.o)
                0x0000000000105cb8                irrstScanInput
 .text.irrstKeysHeld
                0x0000000000105d68       0x1c /opt/devkitPro/libctru/lib/libctru.a(irrst.o)
                0x0000000000105d68                irrstKeysHeld
 .text.IRRST_GetHandles
                0x0000000000105d84       0x50 /opt/devkitPro/libctru/lib/libctru.a(irrst.o)
                0x0000000000105d84                IRRST_GetHandles
 .text.irrstInit
                0x0000000000105dd4      0x148 /opt/devkitPro/libctru/lib/libctru.a(irrst.o)
                0x0000000000105dd4                irrstInit
 .text.IRRST_Shutdown
                0x0000000000105f1c       0x2c /opt/devkitPro/libctru/lib/libctru.a(irrst.o)
                0x0000000000105f1c                IRRST_Shutdown
 .text.irrstExit
                0x0000000000105f48       0xb0 /opt/devkitPro/libctru/lib/libctru.a(irrst.o)
                0x0000000000105f48                irrstExit
 .text.osGetMemRegionSize
                0x0000000000105ff8       0x58 /opt/devkitPro/libctru/lib/libctru.a(allocateHeaps.o)
 .text.__system_allocateHeaps
                0x0000000000106050      0x124 /opt/devkitPro/libctru/lib/libctru.a(allocateHeaps.o)
                0x0000000000106050                __system_allocateHeaps
 .text.__system_initArgv
                0x0000000000106174       0xf4 /opt/devkitPro/libctru/lib/libctru.a(initArgv.o)
                0x0000000000106174                __system_initArgv
 .text.__libctru_init
                0x0000000000106268       0x38 /opt/devkitPro/libctru/lib/libctru.a(initSystem.o)
                0x0000000000106268                __libctru_init
 .text.__ctru_get_reent
                0x00000000001062a0       0x30 /opt/devkitPro/libctru/lib/libctru.a(syscalls.o)
 .text.__system_initSyscalls
                0x00000000001062d0       0xe8 /opt/devkitPro/libctru/lib/libctru.a(syscalls.o)
                0x00000000001062d0                __system_initSyscalls
 .text.svcControlMemory
                0x00000000001063b8       0x20 /opt/devkitPro/libctru/lib/libctru.a(svc.o)
                0x00000000001063b8                svcControlMemory
 .text.svcExitProcess
                0x00000000001063d8        0x8 /opt/devkitPro/libctru/lib/libctru.a(svc.o)
                0x00000000001063d8                svcExitProcess
 .text.svcCreateThread
                0x00000000001063e0       0x20 /opt/devkitPro/libctru/lib/libctru.a(svc.o)
                0x00000000001063e0                svcCreateThread
 .text.svcExitThread
                0x0000000000106400        0x8 /opt/devkitPro/libctru/lib/libctru.a(svc.o)
                0x0000000000106400                svcExitThread
 .text.svcSleepThread
                0x0000000000106408        0x8 /opt/devkitPro/libctru/lib/libctru.a(svc.o)
                0x0000000000106408                svcSleepThread
 .text.svcCreateEvent
                0x0000000000106410       0x14 /opt/devkitPro/libctru/lib/libctru.a(svc.o)
                0x0000000000106410                svcCreateEvent
 .text.svcSignalEvent
                0x0000000000106424        0x8 /opt/devkitPro/libctru/lib/libctru.a(svc.o)
                0x0000000000106424                svcSignalEvent
 .text.svcClearEvent
                0x000000000010642c        0x8 /opt/devkitPro/libctru/lib/libctru.a(svc.o)
                0x000000000010642c                svcClearEvent
 .text.svcSetTimer
                0x0000000000106434       0x18 /opt/devkitPro/libctru/lib/libctru.a(svc.o)
                0x0000000000106434                svcSetTimer
 .text.svcMapMemoryBlock
                0x000000000010644c        0x8 /opt/devkitPro/libctru/lib/libctru.a(svc.o)
                0x000000000010644c                svcMapMemoryBlock
 .text.svcUnmapMemoryBlock
                0x0000000000106454        0x8 /opt/devkitPro/libctru/lib/libctru.a(svc.o)
                0x0000000000106454                svcUnmapMemoryBlock
 .text.svcCreateAddressArbiter
                0x000000000010645c       0x14 /opt/devkitPro/libctru/lib/libctru.a(svc.o)
                0x000000000010645c                svcCreateAddressArbiter
 .text.svcArbitrateAddress
                0x0000000000106470       0x20 /opt/devkitPro/libctru/lib/libctru.a(svc.o)
                0x0000000000106470                svcArbitrateAddress
 .text.svcCloseHandle
                0x0000000000106490        0x8 /opt/devkitPro/libctru/lib/libctru.a(svc.o)
                0x0000000000106490                svcCloseHandle
 .text.svcWaitSynchronization
                0x0000000000106498        0x8 /opt/devkitPro/libctru/lib/libctru.a(svc.o)
                0x0000000000106498                svcWaitSynchronization
 .text.svcWaitSynchronizationN
                0x00000000001064a0       0x28 /opt/devkitPro/libctru/lib/libctru.a(svc.o)
                0x00000000001064a0                svcWaitSynchronizationN
 .text.svcDuplicateHandle
                0x00000000001064c8       0x14 /opt/devkitPro/libctru/lib/libctru.a(svc.o)
                0x00000000001064c8                svcDuplicateHandle
 .text.svcGetSystemTick
                0x00000000001064dc        0x8 /opt/devkitPro/libctru/lib/libctru.a(svc.o)
                0x00000000001064dc                svcGetSystemTick
 .text.svcGetSystemInfo
                0x00000000001064e4       0x18 /opt/devkitPro/libctru/lib/libctru.a(svc.o)
                0x00000000001064e4                svcGetSystemInfo
 .text.svcConnectToPort
                0x00000000001064fc       0x14 /opt/devkitPro/libctru/lib/libctru.a(svc.o)
                0x00000000001064fc                svcConnectToPort
 .text.svcSendSyncRequest
                0x0000000000106510        0x8 /opt/devkitPro/libctru/lib/libctru.a(svc.o)
                0x0000000000106510                svcSendSyncRequest
 .text.svcBreak
                0x0000000000106518        0x8 /opt/devkitPro/libctru/lib/libctru.a(svc.o)
                0x0000000000106518                svcBreak
 .text.svcOutputDebugString
                0x0000000000106520        0x8 /opt/devkitPro/libctru/lib/libctru.a(svc.o)
                0x0000000000106520                svcOutputDebugString
 .text._ZL21addrMapNodeComparatorPK11rbtree_nodeS1_
                0x0000000000106528       0x24 /opt/devkitPro/libctru/lib/libctru.a(linear.o)
 .text._ZL21addrMapNodeDestructorP11rbtree_node
                0x000000000010654c        0x4 /opt/devkitPro/libctru/lib/libctru.a(linear.o)
 .text.linearMemAlign
                0x0000000000106550      0x140 /opt/devkitPro/libctru/lib/libctru.a(linear.o)
                0x0000000000106550                linearMemAlign
 .text.linearAlloc
                0x0000000000106690        0x8 /opt/devkitPro/libctru/lib/libctru.a(linear.o)
                0x0000000000106690                linearAlloc
 .text.linearFree
                0x0000000000106698       0x50 /opt/devkitPro/libctru/lib/libctru.a(linear.o)
                0x0000000000106698                linearFree
 .text._ZL21addrMapNodeComparatorPK11rbtree_nodeS1_
                0x00000000001066e8       0x24 /opt/devkitPro/libctru/lib/libctru.a(mappable.o)
 .text._ZL21addrMapNodeDestructorP11rbtree_node
                0x000000000010670c        0x4 /opt/devkitPro/libctru/lib/libctru.a(mappable.o)
 .text.mappableAlloc
                0x0000000000106710       0xf4 /opt/devkitPro/libctru/lib/libctru.a(mappable.o)
                0x0000000000106710                mappableAlloc
 .text.mappableFree
                0x0000000000106804       0x50 /opt/devkitPro/libctru/lib/libctru.a(mappable.o)
                0x0000000000106804                mappableFree
 .text._ZN7MemPool13CoalesceRightEP8MemBlock
                0x0000000000106854       0xa0 /opt/devkitPro/libctru/lib/libctru.a(mem_pool.o)
                0x0000000000106854                MemPool::CoalesceRight(MemBlock*)
 .text._ZN7MemPool8AllocateER8MemChunkmi
                0x00000000001068f4      0x18c /opt/devkitPro/libctru/lib/libctru.a(mem_pool.o)
                0x00000000001068f4                MemPool::Allocate(MemChunk&, unsigned long, int)
 .text._ZN7MemPool10DeallocateERK8MemChunk
                0x0000000000106a80      0x104 /opt/devkitPro/libctru/lib/libctru.a(mem_pool.o)
                0x0000000000106a80                MemPool::Deallocate(MemChunk const&)
 .text._ZL21addrMapNodeComparatorPK11rbtree_nodeS1_
                0x0000000000106b84       0x24 /opt/devkitPro/libctru/lib/libctru.a(vram.o)
 .text._ZL21addrMapNodeDestructorP11rbtree_node
                0x0000000000106ba8        0x4 /opt/devkitPro/libctru/lib/libctru.a(vram.o)
 .text.vramMemAlign
                0x0000000000106bac      0x130 /opt/devkitPro/libctru/lib/libctru.a(vram.o)
                0x0000000000106bac                vramMemAlign
 .text.vramAlloc
                0x0000000000106cdc        0x8 /opt/devkitPro/libctru/lib/libctru.a(vram.o)
                0x0000000000106cdc                vramAlloc
 .text.vramFree
                0x0000000000106ce4       0x50 /opt/devkitPro/libctru/lib/libctru.a(vram.o)
                0x0000000000106ce4                vramFree
 .text.envGetHandle
                0x0000000000106d34       0x94 /opt/devkitPro/libctru/lib/libctru.a(env.o)
                0x0000000000106d34                envGetHandle
 .text.envDestroyHandles
                0x0000000000106dc8       0x4c /opt/devkitPro/libctru/lib/libctru.a(env.o)
                0x0000000000106dc8                envDestroyHandles
 .text.getSysTime
                0x0000000000106e14       0x58 /opt/devkitPro/libctru/lib/libctru.a(os.o)
 .text.osGetMemRegionUsed
                0x0000000000106e6c       0x24 /opt/devkitPro/libctru/lib/libctru.a(os.o)
                0x0000000000106e6c                osGetMemRegionUsed
 .text.__libctru_gtod
                0x0000000000106e90       0xf8 /opt/devkitPro/libctru/lib/libctru.a(os.o)
                0x0000000000106e90                __libctru_gtod
 .text.__ctru_speedup_config
                0x0000000000106f88       0x34 /opt/devkitPro/libctru/lib/libctru.a(os.o)
                0x0000000000106f88                __ctru_speedup_config
 .text.srvExit  0x0000000000106fbc       0x50 /opt/devkitPro/libctru/lib/libctru.a(srv.o)
                0x0000000000106fbc                srvExit
 .text.srvRegisterClient
                0x000000000010700c       0x38 /opt/devkitPro/libctru/lib/libctru.a(srv.o)
                0x000000000010700c                srvRegisterClient
 .text.srvInit  0x0000000000107044       0x70 /opt/devkitPro/libctru/lib/libctru.a(srv.o)
                0x0000000000107044                srvInit
 .text.srvGetServiceHandleDirect
                0x00000000001070b4       0x68 /opt/devkitPro/libctru/lib/libctru.a(srv.o)
                0x00000000001070b4                srvGetServiceHandleDirect
 .text.srvGetServiceHandle
                0x000000000010711c       0x38 /opt/devkitPro/libctru/lib/libctru.a(srv.o)
                0x000000000010711c                srvGetServiceHandle
 .text.ptmSysmInit
                0x0000000000107154       0x70 /opt/devkitPro/libctru/lib/libctru.a(ptmsysm.o)
                0x0000000000107154                ptmSysmInit
 .text.ptmSysmExit
                0x00000000001071c4       0x34 /opt/devkitPro/libctru/lib/libctru.a(ptmsysm.o)
                0x00000000001071c4                ptmSysmExit
 .text.PTMSYSM_ConfigureNew3DSCPU
                0x00000000001071f8       0x34 /opt/devkitPro/libctru/lib/libctru.a(ptmsysm.o)
                0x00000000001071f8                PTMSYSM_ConfigureNew3DSCPU
 .text.rbtree_find
                0x000000000010722c       0x70 /opt/devkitPro/libctru/lib/libctru.a(rbtree_find.o)
                0x000000000010722c                rbtree_find
 .text.rbtree_init
                0x000000000010729c       0x14 /opt/devkitPro/libctru/lib/libctru.a(rbtree_init.o)
                0x000000000010729c                rbtree_init
 .text.do_insert
                0x00000000001072b0      0x1d4 /opt/devkitPro/libctru/lib/libctru.a(rbtree_insert.o)
 .text.rbtree_insert
                0x0000000000107484        0x8 /opt/devkitPro/libctru/lib/libctru.a(rbtree_insert.o)
                0x0000000000107484                rbtree_insert
 .text.rbtree_remove
                0x000000000010748c      0x35c /opt/devkitPro/libctru/lib/libctru.a(rbtree_remove.o)
                0x000000000010748c                rbtree_remove
 .text.rbtree_rotate
                0x00000000001077e8       0xac /opt/devkitPro/libctru/lib/libctru.a(rbtree_rotate.o)
                0x00000000001077e8                rbtree_rotate
 .text.__appExit
                0x0000000000107894       0x1c /opt/devkitPro/libctru/lib/libctru.a(appExit.o)
                0x0000000000107894                __appExit
 .text.__appInit
                0x00000000001078b0       0x1c /opt/devkitPro/libctru/lib/libctru.a(appInit.o)
                0x00000000001078b0                __appInit
 .text.__libctru_exit
                0x00000000001078cc       0xa4 /opt/devkitPro/libctru/lib/libctru.a(ctru_exit.o)
                0x00000000001078cc                __libctru_exit
 .text.sdmc_link
                0x0000000000107970       0x10 /opt/devkitPro/libctru/lib/libctru.a(sdmc_dev.o)
 .text.sdmc_dirreset
                0x0000000000107980       0x10 /opt/devkitPro/libctru/lib/libctru.a(sdmc_dev.o)
 .text.sdmc_chmod
                0x0000000000107990       0x10 /opt/devkitPro/libctru/lib/libctru.a(sdmc_dev.o)
 .text.sdmc_fchmod
                0x00000000001079a0       0x10 /opt/devkitPro/libctru/lib/libctru.a(sdmc_dev.o)
 .text.error_cmp
                0x00000000001079b0       0x24 /opt/devkitPro/libctru/lib/libctru.a(sdmc_dev.o)
 .text.sdmc_translate_error
                0x00000000001079d4       0x50 /opt/devkitPro/libctru/lib/libctru.a(sdmc_dev.o)
 .text.sdmc_fsync
                0x0000000000107a24       0x34 /opt/devkitPro/libctru/lib/libctru.a(sdmc_dev.o)
 .text.sdmc_ftruncate
                0x0000000000107a58       0x54 /opt/devkitPro/libctru/lib/libctru.a(sdmc_dev.o)
 .text.sdmc_statvfs
                0x0000000000107aac       0xac /opt/devkitPro/libctru/lib/libctru.a(sdmc_dev.o)
 .text.sdmc_dirclose
                0x0000000000107b58       0x38 /opt/devkitPro/libctru/lib/libctru.a(sdmc_dev.o)
 .text.sdmc_dirnext
                0x0000000000107b90       0xe0 /opt/devkitPro/libctru/lib/libctru.a(sdmc_dev.o)
 .text.sdmc_close
                0x0000000000107c70       0x34 /opt/devkitPro/libctru/lib/libctru.a(sdmc_dev.o)
 .text.sdmc_fstat
                0x0000000000107ca4       0x74 /opt/devkitPro/libctru/lib/libctru.a(sdmc_dev.o)
 .text.sdmc_seek
                0x0000000000107d18       0xc0 /opt/devkitPro/libctru/lib/libctru.a(sdmc_dev.o)
 .text.sdmc_read
                0x0000000000107dd8       0x8c /opt/devkitPro/libctru/lib/libctru.a(sdmc_dev.o)
 .text.sdmc_write
                0x0000000000107e64      0x108 /opt/devkitPro/libctru/lib/libctru.a(sdmc_dev.o)
 .text.sdmc_utf16path
                0x0000000000107f6c      0x1b4 /opt/devkitPro/libctru/lib/libctru.a(sdmc_dev.o)
 .text.sdmc_rmdir
                0x0000000000108120       0x80 /opt/devkitPro/libctru/lib/libctru.a(sdmc_dev.o)
 .text.sdmc_diropen
                0x00000000001081a0       0x9c /opt/devkitPro/libctru/lib/libctru.a(sdmc_dev.o)
 .text.sdmc_chdir
                0x000000000010823c       0xa8 /opt/devkitPro/libctru/lib/libctru.a(sdmc_dev.o)
 .text.sdmc_mkdir
                0x00000000001082e4       0x84 /opt/devkitPro/libctru/lib/libctru.a(sdmc_dev.o)
 .text.sdmc_rename
                0x0000000000108368      0x138 /opt/devkitPro/libctru/lib/libctru.a(sdmc_dev.o)
 .text.sdmc_unlink
                0x00000000001084a0       0x80 /opt/devkitPro/libctru/lib/libctru.a(sdmc_dev.o)
 .text.sdmc_stat
                0x0000000000108520      0x120 /opt/devkitPro/libctru/lib/libctru.a(sdmc_dev.o)
 .text.sdmc_open
                0x0000000000108640      0x1ac /opt/devkitPro/libctru/lib/libctru.a(sdmc_dev.o)
 .text.sdmcInit
                0x00000000001087ec      0x134 /opt/devkitPro/libctru/lib/libctru.a(sdmc_dev.o)
                0x00000000001087ec                sdmcInit
 .text.sdmcExit
                0x0000000000108920       0x50 /opt/devkitPro/libctru/lib/libctru.a(sdmc_dev.o)
                0x0000000000108920                sdmcExit
 .text.fsInit   0x0000000000108970       0xc8 /opt/devkitPro/libctru/lib/libctru.a(fs.o)
                0x0000000000108970                fsInit
 .text.fsExit   0x0000000000108a38       0x34 /opt/devkitPro/libctru/lib/libctru.a(fs.o)
                0x0000000000108a38                fsExit
 .text.FSUSER_OpenFile
                0x0000000000108a6c       0xdc /opt/devkitPro/libctru/lib/libctru.a(fs.o)
                0x0000000000108a6c                FSUSER_OpenFile
 .text.FSUSER_DeleteFile
                0x0000000000108b48       0xb8 /opt/devkitPro/libctru/lib/libctru.a(fs.o)
                0x0000000000108b48                FSUSER_DeleteFile
 .text.FSUSER_RenameFile
                0x0000000000108c00       0xf4 /opt/devkitPro/libctru/lib/libctru.a(fs.o)
                0x0000000000108c00                FSUSER_RenameFile
 .text.FSUSER_DeleteDirectory
                0x0000000000108cf4       0xb8 /opt/devkitPro/libctru/lib/libctru.a(fs.o)
                0x0000000000108cf4                FSUSER_DeleteDirectory
 .text.FSUSER_CreateFile
                0x0000000000108dac       0xd0 /opt/devkitPro/libctru/lib/libctru.a(fs.o)
                0x0000000000108dac                FSUSER_CreateFile
 .text.FSUSER_CreateDirectory
                0x0000000000108e7c       0xc0 /opt/devkitPro/libctru/lib/libctru.a(fs.o)
                0x0000000000108e7c                FSUSER_CreateDirectory
 .text.FSUSER_RenameDirectory
                0x0000000000108f3c       0xf4 /opt/devkitPro/libctru/lib/libctru.a(fs.o)
                0x0000000000108f3c                FSUSER_RenameDirectory
 .text.FSUSER_OpenDirectory
                0x0000000000109030       0xc4 /opt/devkitPro/libctru/lib/libctru.a(fs.o)
                0x0000000000109030                FSUSER_OpenDirectory
 .text.FSUSER_OpenArchive
                0x00000000001090f4       0xbc /opt/devkitPro/libctru/lib/libctru.a(fs.o)
                0x00000000001090f4                FSUSER_OpenArchive
 .text.FSUSER_CloseArchive
                0x00000000001091b0       0x88 /opt/devkitPro/libctru/lib/libctru.a(fs.o)
                0x00000000001091b0                FSUSER_CloseArchive
 .text.FSUSER_GetSdmcArchiveResource
                0x0000000000109238       0x8c /opt/devkitPro/libctru/lib/libctru.a(fs.o)
                0x0000000000109238                FSUSER_GetSdmcArchiveResource
 .text.FSUSER_IsSdmcWritable
                0x00000000001092c4       0x64 /opt/devkitPro/libctru/lib/libctru.a(fs.o)
                0x00000000001092c4                FSUSER_IsSdmcWritable
 .text.FSFILE_Read
                0x0000000000109328       0x5c /opt/devkitPro/libctru/lib/libctru.a(fs.o)
                0x0000000000109328                FSFILE_Read
 .text.FSFILE_Write
                0x0000000000109384       0x64 /opt/devkitPro/libctru/lib/libctru.a(fs.o)
                0x0000000000109384                FSFILE_Write
 .text.FSFILE_GetSize
                0x00000000001093e8       0x3c /opt/devkitPro/libctru/lib/libctru.a(fs.o)
                0x00000000001093e8                FSFILE_GetSize
 .text.FSFILE_SetSize
                0x0000000000109424       0x2c /opt/devkitPro/libctru/lib/libctru.a(fs.o)
                0x0000000000109424                FSFILE_SetSize
 .text.FSFILE_Close
                0x0000000000109450       0x3c /opt/devkitPro/libctru/lib/libctru.a(fs.o)
                0x0000000000109450                FSFILE_Close
 .text.FSFILE_Flush
                0x000000000010948c       0x24 /opt/devkitPro/libctru/lib/libctru.a(fs.o)
                0x000000000010948c                FSFILE_Flush
 .text.FSDIR_Read
                0x00000000001094b0       0x54 /opt/devkitPro/libctru/lib/libctru.a(fs.o)
                0x00000000001094b0                FSDIR_Read
 .text.FSDIR_Close
                0x0000000000109504       0x3c /opt/devkitPro/libctru/lib/libctru.a(fs.o)
                0x0000000000109504                FSDIR_Close
 .text.rbtree_node_next
                0x0000000000109540       0x8c /opt/devkitPro/libctru/lib/libctru.a(rbtree_iterator.o)
                0x0000000000109540                rbtree_node_next
 .text.decode_utf8
                0x00000000001095cc      0x138 /opt/devkitPro/libctru/lib/libctru.a(decode_utf8.o)
                0x00000000001095cc                decode_utf8
 .text.utf16_to_utf8
                0x0000000000109704       0xe4 /opt/devkitPro/libctru/lib/libctru.a(utf16_to_utf8.o)
                0x0000000000109704                utf16_to_utf8
 .text.utf8_to_utf16
                0x00000000001097e8       0xbc /opt/devkitPro/libctru/lib/libctru.a(utf8_to_utf16.o)
                0x00000000001097e8                utf8_to_utf16
 .text.__aeabi_read_tp
                0x00000000001098a4        0xc /opt/devkitPro/libctru/lib/libctru.a(readtp.o)
                0x00000000001098a4                __aeabi_read_tp
 .text.decode_utf16
                0x00000000001098b0       0x60 /opt/devkitPro/libctru/lib/libctru.a(decode_utf16.o)
                0x00000000001098b0                decode_utf16
 .text.encode_utf16
                0x0000000000109910       0x68 /opt/devkitPro/libctru/lib/libctru.a(encode_utf16.o)
                0x0000000000109910                encode_utf16
 .text.encode_utf8
                0x0000000000109978      0x104 /opt/devkitPro/libctru/lib/libctru.a(encode_utf8.o)
                0x0000000000109978                encode_utf8
 .text.bsearch  0x0000000000109a7c       0x78 /opt/devkitPro/devkitARM/bin/../lib/gcc/arm-none-eabi/5.3.0/../../../../arm-none-eabi/lib/armv6k/fpu/libg.a(lib_a-bsearch.o)
                0x0000000000109a7c                bsearch
 .text.__libc_fini_array
                0x0000000000109af4       0x3c /opt/devkitPro/devkitARM/bin/../lib/gcc/arm-none-eabi/5.3.0/../../../../arm-none-eabi/lib/armv6k/fpu/libg.a(lib_a-fini.o)
                0x0000000000109af4                __libc_fini_array
 .text.__libc_init_array
                0x0000000000109b30       0x78 /opt/devkitPro/devkitARM/bin/../lib/gcc/arm-none-eabi/5.3.0/../../../../arm-none-eabi/lib/armv6k/fpu/libg.a(lib_a-init.o)
                0x0000000000109b30                __libc_init_array
 .text.memalign
                0x0000000000109ba8       0x20 /opt/devkitPro/devkitARM/bin/../lib/gcc/arm-none-eabi/5.3.0/../../../../arm-none-eabi/lib/armv6k/fpu/libg.a(lib_a-malign.o)
                0x0000000000109ba8                memalign
 .text._memalign_r
                0x0000000000109bc8      0x15c /opt/devkitPro/devkitARM/bin/../lib/gcc/arm-none-eabi/5.3.0/../../../../arm-none-eabi/lib/armv6k/fpu/libg.a(lib_a-malignr.o)
                0x0000000000109bc8                _memalign_r
 .text.malloc   0x0000000000109d24       0x18 /opt/devkitPro/devkitARM/bin/../lib/gcc/arm-none-eabi/5.3.0/../../../../arm-none-eabi/lib/armv6k/fpu/libg.a(lib_a-malloc.o)
                0x0000000000109d24                malloc
 .text.free     0x0000000000109d3c       0x18 /opt/devkitPro/devkitARM/bin/../lib/gcc/arm-none-eabi/5.3.0/../../../../arm-none-eabi/lib/armv6k/fpu/libg.a(lib_a-malloc.o)
                0x0000000000109d3c                free
 .text._malloc_r
                0x0000000000109d54      0x7a8 /opt/devkitPro/devkitARM/bin/../lib/gcc/arm-none-eabi/5.3.0/../../../../arm-none-eabi/lib/armv6k/fpu/libg.a(lib_a-mallocr.o)
                0x0000000000109d54                _malloc_r
 .text.memcpy   0x000000000010a4fc       0xf0 /opt/devkitPro/devkitARM/bin/../lib/gcc/arm-none-eabi/5.3.0/../../../../arm-none-eabi/lib/armv6k/fpu/libg.a(lib_a-memcpy.o)
                0x000000000010a4fc                memcpy
 .text.memset   0x000000000010a5ec       0xf4 /opt/devkitPro/devkitARM/bin/../lib/gcc/arm-none-eabi/5.3.0/../../../../arm-none-eabi/lib/armv6k/fpu/libg.a(lib_a-memset.o)
                0x000000000010a5ec                memset
 .text.__malloc_lock
                0x000000000010a6e0        0xc /opt/devkitPro/devkitARM/bin/../lib/gcc/arm-none-eabi/5.3.0/../../../../arm-none-eabi/lib/armv6k/fpu/libg.a(lib_a-mlock.o)
                0x000000000010a6e0                __malloc_lock
 .text.__malloc_unlock
                0x000000000010a6ec        0xc /opt/devkitPro/devkitARM/bin/../lib/gcc/arm-none-eabi/5.3.0/../../../../arm-none-eabi/lib/armv6k/fpu/libg.a(lib_a-mlock.o)
                0x000000000010a6ec                __malloc_unlock
 .text.printf   0x000000000010a6f8       0x38 /opt/devkitPro/devkitARM/bin/../lib/gcc/arm-none-eabi/5.3.0/../../../../arm-none-eabi/lib/armv6k/fpu/libg.a(lib_a-printf.o)
                0x000000000010a6f8                printf
 .text._puts_r  0x000000000010a730       0xec /opt/devkitPro/devkitARM/bin/../lib/gcc/arm-none-eabi/5.3.0/../../../../arm-none-eabi/lib/armv6k/fpu/libg.a(lib_a-puts.o)
                0x000000000010a730                _puts_r
 .text.puts     0x000000000010a81c       0x18 /opt/devkitPro/devkitARM/bin/../lib/gcc/arm-none-eabi/5.3.0/../../../../arm-none-eabi/lib/armv6k/fpu/libg.a(lib_a-puts.o)
                0x000000000010a81c                puts
 .text.setvbuf  0x000000000010a834      0x1fc /opt/devkitPro/devkitARM/bin/../lib/gcc/arm-none-eabi/5.3.0/../../../../arm-none-eabi/lib/armv6k/fpu/libg.a(lib_a-setvbuf.o)
                0x000000000010a834                setvbuf
 .text.sscanf   0x000000000010aa30       0x74 /opt/devkitPro/devkitARM/bin/../lib/gcc/arm-none-eabi/5.3.0/../../../../arm-none-eabi/lib/armv6k/fpu/libg.a(lib_a-sscanf.o)
                0x000000000010aa30                sscanf
 .text.__sread  0x000000000010aaa4       0x30 /opt/devkitPro/devkitARM/bin/../lib/gcc/arm-none-eabi/5.3.0/../../../../arm-none-eabi/lib/armv6k/fpu/libg.a(lib_a-stdio.o)
                0x000000000010aaa4                __sread
 .text.__seofread
                0x000000000010aad4        0x8 /opt/devkitPro/devkitARM/bin/../lib/gcc/arm-none-eabi/5.3.0/../../../../arm-none-eabi/lib/armv6k/fpu/libg.a(lib_a-stdio.o)
                0x000000000010aad4                __seofread
 .text.__swrite
                0x000000000010aadc       0x54 /opt/devkitPro/devkitARM/bin/../lib/gcc/arm-none-eabi/5.3.0/../../../../arm-none-eabi/lib/armv6k/fpu/libg.a(lib_a-stdio.o)
                0x000000000010aadc                __swrite
 .text.__sseek  0x000000000010ab30       0x2c /opt/devkitPro/devkitARM/bin/../lib/gcc/arm-none-eabi/5.3.0/../../../../arm-none-eabi/lib/armv6k/fpu/libg.a(lib_a-stdio.o)
                0x000000000010ab30                __sseek
 .text.__sclose
                0x000000000010ab5c        0x8 /opt/devkitPro/devkitARM/bin/../lib/gcc/arm-none-eabi/5.3.0/../../../../arm-none-eabi/lib/armv6k/fpu/libg.a(lib_a-stdio.o)
                0x000000000010ab5c                __sclose
 .text.strchr   0x000000000010ab64      0x15c /opt/devkitPro/devkitARM/bin/../lib/gcc/arm-none-eabi/5.3.0/../../../../arm-none-eabi/lib/armv6k/fpu/libg.a(lib_a-strchr.o)
                0x000000000010ab64                strchr
 .text.strlen   0x000000000010acc0       0x5c /opt/devkitPro/devkitARM/bin/../lib/gcc/arm-none-eabi/5.3.0/../../../../arm-none-eabi/lib/armv6k/fpu/libg.a(lib_a-strlen.o)
                0x000000000010acc0                strlen
 .text.strncat  0x000000000010ad1c       0xa4 /opt/devkitPro/devkitARM/bin/../lib/gcc/arm-none-eabi/5.3.0/../../../../arm-none-eabi/lib/armv6k/fpu/libg.a(lib_a-strncat.o)
                0x000000000010ad1c                strncat
 .text.strncpy  0x000000000010adc0       0xe0 /opt/devkitPro/devkitARM/bin/../lib/gcc/arm-none-eabi/5.3.0/../../../../arm-none-eabi/lib/armv6k/fpu/libg.a(lib_a-strncpy.o)
                0x000000000010adc0                strncpy
 .text.__ssvfscanf_r
                0x000000000010aea0     0x2c20 /opt/devkitPro/devkitARM/bin/../lib/gcc/arm-none-eabi/5.3.0/../../../../arm-none-eabi/lib/armv6k/fpu/libg.a(lib_a-svfscanf.o)
                0x000000000010aea0                __ssvfscanf_r
 .text.__sprint_r.part.0
                0x000000000010dac0       0xa4 /opt/devkitPro/devkitARM/bin/../lib/gcc/arm-none-eabi/5.3.0/../../../../arm-none-eabi/lib/armv6k/fpu/libg.a(lib_a-vfiprintf.o)
 .text.__sprint_r
                0x000000000010db64       0x1c /opt/devkitPro/devkitARM/bin/../lib/gcc/arm-none-eabi/5.3.0/../../../../arm-none-eabi/lib/armv6k/fpu/libg.a(lib_a-vfiprintf.o)
                0x000000000010db64                __sprint_r
 .text.get_arg  0x000000000010db80     0x161c /opt/devkitPro/devkitARM/bin/../lib/gcc/arm-none-eabi/5.3.0/../../../../arm-none-eabi/lib/armv6k/fpu/libg.a(lib_a-vfprintf.o)
 *fill*         0x000000000010f19c        0x4 
 .text._vfprintf_r
                0x000000000010f1a0     0x4878 /opt/devkitPro/devkitARM/bin/../lib/gcc/arm-none-eabi/5.3.0/../../../../arm-none-eabi/lib/armv6k/fpu/libg.a(lib_a-vfprintf.o)
                0x000000000010f1a0                _vfprintf_r
 .text.__sbprintf
                0x0000000000113a18       0xcc /opt/devkitPro/devkitARM/bin/../lib/gcc/arm-none-eabi/5.3.0/../../../../arm-none-eabi/lib/armv6k/fpu/libg.a(lib_a-vfprintf.o)
 .text._wcrtomb_r
                0x0000000000113ae4       0x8c /opt/devkitPro/devkitARM/bin/../lib/gcc/arm-none-eabi/5.3.0/../../../../arm-none-eabi/lib/armv6k/fpu/libg.a(lib_a-wcrtomb.o)
                0x0000000000113ae4                _wcrtomb_r
 .text._wcsrtombs_r
                0x0000000000113b70       0x20 /opt/devkitPro/devkitARM/bin/../lib/gcc/arm-none-eabi/5.3.0/../../../../arm-none-eabi/lib/armv6k/fpu/libg.a(lib_a-wcsrtombs.o)
                0x0000000000113b70                _wcsrtombs_r
 .text.__utf8_wctomb
                0x0000000000113b90      0x114 /opt/devkitPro/devkitARM/bin/../lib/gcc/arm-none-eabi/5.3.0/../../../../arm-none-eabi/lib/armv6k/fpu/libg.a(lib_a-wctomb_r.o)
                0x0000000000113b90                __utf8_wctomb
 .text.__swsetup_r
                0x0000000000113ca4      0x148 /opt/devkitPro/devkitARM/bin/../lib/gcc/arm-none-eabi/5.3.0/../../../../arm-none-eabi/lib/armv6k/fpu/libg.a(lib_a-wsetup.o)
                0x0000000000113ca4                __swsetup_r
 .text.quorem   0x0000000000113dec      0x1bc /opt/devkitPro/devkitARM/bin/../lib/gcc/arm-none-eabi/5.3.0/../../../../arm-none-eabi/lib/armv6k/fpu/libg.a(lib_a-dtoa.o)
 .text._dtoa_r  0x0000000000113fa8     0x12c8 /opt/devkitPro/devkitARM/bin/../lib/gcc/arm-none-eabi/5.3.0/../../../../arm-none-eabi/lib/armv6k/fpu/libg.a(lib_a-dtoa.o)
                0x0000000000113fa8                _dtoa_r
 .text.__sflush_r
                0x0000000000115270      0x230 /opt/devkitPro/devkitARM/bin/../lib/gcc/arm-none-eabi/5.3.0/../../../../arm-none-eabi/lib/armv6k/fpu/libg.a(lib_a-fflush.o)
                0x0000000000115270                __sflush_r
 .text._fflush_r
                0x00000000001154a0       0x90 /opt/devkitPro/devkitARM/bin/../lib/gcc/arm-none-eabi/5.3.0/../../../../arm-none-eabi/lib/armv6k/fpu/libg.a(lib_a-fflush.o)
                0x00000000001154a0                _fflush_r
 .text._cleanup_r
                0x0000000000115530        0xc /opt/devkitPro/devkitARM/bin/../lib/gcc/arm-none-eabi/5.3.0/../../../../arm-none-eabi/lib/armv6k/fpu/libg.a(lib_a-findfp.o)
                0x0000000000115530                _cleanup_r
 .text.std.isra.0
                0x000000000011553c       0x80 /opt/devkitPro/devkitARM/bin/../lib/gcc/arm-none-eabi/5.3.0/../../../../arm-none-eabi/lib/armv6k/fpu/libg.a(lib_a-findfp.o)
 .text.__sinit  0x00000000001155bc       0x8c /opt/devkitPro/devkitARM/bin/../lib/gcc/arm-none-eabi/5.3.0/../../../../arm-none-eabi/lib/armv6k/fpu/libg.a(lib_a-findfp.o)
                0x00000000001155bc                __sinit
 .text.__sfp_lock_acquire
                0x0000000000115648        0xc /opt/devkitPro/devkitARM/bin/../lib/gcc/arm-none-eabi/5.3.0/../../../../arm-none-eabi/lib/armv6k/fpu/libg.a(lib_a-findfp.o)
                0x0000000000115648                __sfp_lock_acquire
 .text.__sfp_lock_release
                0x0000000000115654        0xc /opt/devkitPro/devkitARM/bin/../lib/gcc/arm-none-eabi/5.3.0/../../../../arm-none-eabi/lib/armv6k/fpu/libg.a(lib_a-findfp.o)
                0x0000000000115654                __sfp_lock_release
 .text.__fputwc
                0x0000000000115660      0x124 /opt/devkitPro/devkitARM/bin/../lib/gcc/arm-none-eabi/5.3.0/../../../../arm-none-eabi/lib/armv6k/fpu/libg.a(lib_a-fputwc.o)
                0x0000000000115660                __fputwc
 .text._fputwc_r
                0x0000000000115784       0xa8 /opt/devkitPro/devkitARM/bin/../lib/gcc/arm-none-eabi/5.3.0/../../../../arm-none-eabi/lib/armv6k/fpu/libg.a(lib_a-fputwc.o)
                0x0000000000115784                _fputwc_r
 .text._malloc_trim_r
                0x000000000011582c       0xf8 /opt/devkitPro/devkitARM/bin/../lib/gcc/arm-none-eabi/5.3.0/../../../../arm-none-eabi/lib/armv6k/fpu/libg.a(lib_a-freer.o)
                0x000000000011582c                _malloc_trim_r
 .text._free_r  0x0000000000115924      0x2e4 /opt/devkitPro/devkitARM/bin/../lib/gcc/arm-none-eabi/5.3.0/../../../../arm-none-eabi/lib/armv6k/fpu/libg.a(lib_a-freer.o)
                0x0000000000115924                _free_r
 .text.__sfvwrite_r
                0x0000000000115c08      0x4a4 /opt/devkitPro/devkitARM/bin/../lib/gcc/arm-none-eabi/5.3.0/../../../../arm-none-eabi/lib/armv6k/fpu/libg.a(lib_a-fvwrite.o)
                0x0000000000115c08                __sfvwrite_r
 .text._fwalk_reent
                0x00000000001160ac       0x80 /opt/devkitPro/devkitARM/bin/../lib/gcc/arm-none-eabi/5.3.0/../../../../arm-none-eabi/lib/armv6k/fpu/libg.a(lib_a-fwalk.o)
                0x00000000001160ac                _fwalk_reent
 .text.iswspace
                0x000000000011612c       0x74 /opt/devkitPro/devkitARM/bin/../lib/gcc/arm-none-eabi/5.3.0/../../../../arm-none-eabi/lib/armv6k/fpu/libg.a(lib_a-iswspace.o)
                0x000000000011612c                iswspace
 .text.__jp2uc  0x00000000001161a0      0x204 /opt/devkitPro/devkitARM/bin/../lib/gcc/arm-none-eabi/5.3.0/../../../../arm-none-eabi/lib/armv6k/fpu/libg.a(lib_a-jp2uc.o)
 .text._jp2uc   0x00000000001163a4       0x84 /opt/devkitPro/devkitARM/bin/../lib/gcc/arm-none-eabi/5.3.0/../../../../arm-none-eabi/lib/armv6k/fpu/libg.a(lib_a-jp2uc.o)
                0x00000000001163a4                _jp2uc
 .text.__locale_charset
                0x0000000000116428        0xc /opt/devkitPro/devkitARM/bin/../lib/gcc/arm-none-eabi/5.3.0/../../../../arm-none-eabi/lib/armv6k/fpu/libg.a(lib_a-locale.o)
                0x0000000000116428                __locale_charset
 .text.__locale_mb_cur_max
                0x0000000000116434       0x10 /opt/devkitPro/devkitARM/bin/../lib/gcc/arm-none-eabi/5.3.0/../../../../arm-none-eabi/lib/armv6k/fpu/libg.a(lib_a-locale.o)
                0x0000000000116434                __locale_mb_cur_max
 .text._localeconv_r
                0x0000000000116444        0xc /opt/devkitPro/devkitARM/bin/../lib/gcc/arm-none-eabi/5.3.0/../../../../arm-none-eabi/lib/armv6k/fpu/libg.a(lib_a-locale.o)
                0x0000000000116444                _localeconv_r
 .text.__smakebuf_r
                0x0000000000116450      0x160 /opt/devkitPro/devkitARM/bin/../lib/gcc/arm-none-eabi/5.3.0/../../../../arm-none-eabi/lib/armv6k/fpu/libg.a(lib_a-makebuf.o)
                0x0000000000116450                __smakebuf_r
 .text._mbrtowc_r
                0x00000000001165b0       0x98 /opt/devkitPro/devkitARM/bin/../lib/gcc/arm-none-eabi/5.3.0/../../../../arm-none-eabi/lib/armv6k/fpu/libg.a(lib_a-mbrtowc.o)
                0x00000000001165b0                _mbrtowc_r
 .text.__utf8_mbtowc
                0x0000000000116648      0x2fc /opt/devkitPro/devkitARM/bin/../lib/gcc/arm-none-eabi/5.3.0/../../../../arm-none-eabi/lib/armv6k/fpu/libg.a(lib_a-mbtowc_r.o)
                0x0000000000116648                __utf8_mbtowc
 .text.memchr   0x0000000000116944      0x100 /opt/devkitPro/devkitARM/bin/../lib/gcc/arm-none-eabi/5.3.0/../../../../arm-none-eabi/lib/armv6k/fpu/libg.a(lib_a-memchr.o)
                0x0000000000116944                memchr
 .text.memmove  0x0000000000116a44      0x128 /opt/devkitPro/devkitARM/bin/../lib/gcc/arm-none-eabi/5.3.0/../../../../arm-none-eabi/lib/armv6k/fpu/libg.a(lib_a-memmove.o)
                0x0000000000116a44                memmove
 .text._Balloc  0x0000000000116b6c       0x8c /opt/devkitPro/devkitARM/bin/../lib/gcc/arm-none-eabi/5.3.0/../../../../arm-none-eabi/lib/armv6k/fpu/libg.a(lib_a-mprec.o)
                0x0000000000116b6c                _Balloc
 .text._Bfree   0x0000000000116bf8       0x1c /opt/devkitPro/devkitARM/bin/../lib/gcc/arm-none-eabi/5.3.0/../../../../arm-none-eabi/lib/armv6k/fpu/libg.a(lib_a-mprec.o)
                0x0000000000116bf8                _Bfree
 .text.__multadd
                0x0000000000116c14       0xd0 /opt/devkitPro/devkitARM/bin/../lib/gcc/arm-none-eabi/5.3.0/../../../../arm-none-eabi/lib/armv6k/fpu/libg.a(lib_a-mprec.o)
                0x0000000000116c14                __multadd
 .text.__s2b    0x0000000000116ce4       0xe4 /opt/devkitPro/devkitARM/bin/../lib/gcc/arm-none-eabi/5.3.0/../../../../arm-none-eabi/lib/armv6k/fpu/libg.a(lib_a-mprec.o)
                0x0000000000116ce4                __s2b
 .text.__hi0bits
                0x0000000000116dc8       0x5c /opt/devkitPro/devkitARM/bin/../lib/gcc/arm-none-eabi/5.3.0/../../../../arm-none-eabi/lib/armv6k/fpu/libg.a(lib_a-mprec.o)
                0x0000000000116dc8                __hi0bits
 .text.__lo0bits
                0x0000000000116e24       0x98 /opt/devkitPro/devkitARM/bin/../lib/gcc/arm-none-eabi/5.3.0/../../../../arm-none-eabi/lib/armv6k/fpu/libg.a(lib_a-mprec.o)
                0x0000000000116e24                __lo0bits
 .text.__i2b    0x0000000000116ebc       0x20 /opt/devkitPro/devkitARM/bin/../lib/gcc/arm-none-eabi/5.3.0/../../../../arm-none-eabi/lib/armv6k/fpu/libg.a(lib_a-mprec.o)
                0x0000000000116ebc                __i2b
 .text.__multiply
                0x0000000000116edc      0x1dc /opt/devkitPro/devkitARM/bin/../lib/gcc/arm-none-eabi/5.3.0/../../../../arm-none-eabi/lib/armv6k/fpu/libg.a(lib_a-mprec.o)
                0x0000000000116edc                __multiply
 .text.__pow5mult
                0x00000000001170b8      0x100 /opt/devkitPro/devkitARM/bin/../lib/gcc/arm-none-eabi/5.3.0/../../../../arm-none-eabi/lib/armv6k/fpu/libg.a(lib_a-mprec.o)
                0x00000000001170b8                __pow5mult
 .text.__lshift
                0x00000000001171b8       0xf0 /opt/devkitPro/devkitARM/bin/../lib/gcc/arm-none-eabi/5.3.0/../../../../arm-none-eabi/lib/armv6k/fpu/libg.a(lib_a-mprec.o)
                0x00000000001171b8                __lshift
 .text.__mcmp   0x00000000001172a8       0x64 /opt/devkitPro/devkitARM/bin/../lib/gcc/arm-none-eabi/5.3.0/../../../../arm-none-eabi/lib/armv6k/fpu/libg.a(lib_a-mprec.o)
                0x00000000001172a8                __mcmp
 .text.__mdiff  0x000000000011730c      0x198 /opt/devkitPro/devkitARM/bin/../lib/gcc/arm-none-eabi/5.3.0/../../../../arm-none-eabi/lib/armv6k/fpu/libg.a(lib_a-mprec.o)
                0x000000000011730c                __mdiff
 .text.__ulp    0x00000000001174a4       0x78 /opt/devkitPro/devkitARM/bin/../lib/gcc/arm-none-eabi/5.3.0/../../../../arm-none-eabi/lib/armv6k/fpu/libg.a(lib_a-mprec.o)
                0x00000000001174a4                __ulp
 .text.__b2d    0x000000000011751c       0xd4 /opt/devkitPro/devkitARM/bin/../lib/gcc/arm-none-eabi/5.3.0/../../../../arm-none-eabi/lib/armv6k/fpu/libg.a(lib_a-mprec.o)
                0x000000000011751c                __b2d
 .text.__d2b    0x00000000001175f0      0x104 /opt/devkitPro/devkitARM/bin/../lib/gcc/arm-none-eabi/5.3.0/../../../../arm-none-eabi/lib/armv6k/fpu/libg.a(lib_a-mprec.o)
                0x00000000001175f0                __d2b
 .text.__ratio  0x00000000001176f4       0x78 /opt/devkitPro/devkitARM/bin/../lib/gcc/arm-none-eabi/5.3.0/../../../../arm-none-eabi/lib/armv6k/fpu/libg.a(lib_a-mprec.o)
                0x00000000001176f4                __ratio
 .text.__copybits
                0x000000000011776c       0x6c /opt/devkitPro/devkitARM/bin/../lib/gcc/arm-none-eabi/5.3.0/../../../../arm-none-eabi/lib/armv6k/fpu/libg.a(lib_a-mprec.o)
                0x000000000011776c                __copybits
 .text.__any_on
                0x00000000001177d8       0x80 /opt/devkitPro/devkitARM/bin/../lib/gcc/arm-none-eabi/5.3.0/../../../../arm-none-eabi/lib/armv6k/fpu/libg.a(lib_a-mprec.o)
                0x00000000001177d8                __any_on
 .text._realloc_r
                0x0000000000117858      0x4c0 /opt/devkitPro/devkitARM/bin/../lib/gcc/arm-none-eabi/5.3.0/../../../../arm-none-eabi/lib/armv6k/fpu/libg.a(lib_a-reallocr.o)
                0x0000000000117858                _realloc_r
 .text.__sccl   0x0000000000117d18       0xd0 /opt/devkitPro/devkitARM/bin/../lib/gcc/arm-none-eabi/5.3.0/../../../../arm-none-eabi/lib/armv6k/fpu/libg.a(lib_a-sccl.o)
                0x0000000000117d18                __sccl
 .text.nanf     0x0000000000117de8        0xc /opt/devkitPro/devkitARM/bin/../lib/gcc/arm-none-eabi/5.3.0/../../../../arm-none-eabi/lib/armv6k/fpu/libg.a(lib_a-sf_nan.o)
                0x0000000000117de8                nanf
 .text.__fpclassifyd
                0x0000000000117df4       0x74 /opt/devkitPro/devkitARM/bin/../lib/gcc/arm-none-eabi/5.3.0/../../../../arm-none-eabi/lib/armv6k/fpu/libg.a(lib_a-s_fpclassify.o)
                0x0000000000117df4                __fpclassifyd
 .text.frexp    0x0000000000117e68       0x98 /opt/devkitPro/devkitARM/bin/../lib/gcc/arm-none-eabi/5.3.0/../../../../arm-none-eabi/lib/armv6k/fpu/libg.a(lib_a-s_frexp.o)
                0x0000000000117e68                frexp
 .text.sprintf  0x0000000000117f00       0x68 /opt/devkitPro/devkitARM/bin/../lib/gcc/arm-none-eabi/5.3.0/../../../../arm-none-eabi/lib/armv6k/fpu/libg.a(lib_a-sprintf.o)
                0x0000000000117f00                sprintf
 .text.stpncpy  0x0000000000117f68      0x108 /opt/devkitPro/devkitARM/bin/../lib/gcc/arm-none-eabi/5.3.0/../../../../arm-none-eabi/lib/armv6k/fpu/libg.a(lib_a-stpncpy.o)
                0x0000000000117f68                stpncpy
 .text.strncmp  0x0000000000118070      0x11c /opt/devkitPro/devkitARM/bin/../lib/gcc/arm-none-eabi/5.3.0/../../../../arm-none-eabi/lib/armv6k/fpu/libg.a(lib_a-strncmp.o)
                0x0000000000118070                strncmp
 .text.unlikely.sulp
                0x000000000011818c       0x58 /opt/devkitPro/devkitARM/bin/../lib/gcc/arm-none-eabi/5.3.0/../../../../arm-none-eabi/lib/armv6k/fpu/libg.a(lib_a-strtod.o)
 *fill*         0x00000000001181e4        0x4 
 .text._strtod_r
                0x00000000001181e8     0x1450 /opt/devkitPro/devkitARM/bin/../lib/gcc/arm-none-eabi/5.3.0/../../../../arm-none-eabi/lib/armv6k/fpu/libg.a(lib_a-strtod.o)
                0x00000000001181e8                _strtod_r
 .text._strtoll_r
                0x0000000000119638      0x25c /opt/devkitPro/devkitARM/bin/../lib/gcc/arm-none-eabi/5.3.0/../../../../arm-none-eabi/lib/armv6k/fpu/libg.a(lib_a-strtoll_r.o)
                0x0000000000119638                _strtoll_r
 .text._strtol_r
                0x0000000000119894      0x1d4 /opt/devkitPro/devkitARM/bin/../lib/gcc/arm-none-eabi/5.3.0/../../../../arm-none-eabi/lib/armv6k/fpu/libg.a(lib_a-strtol.o)
                0x0000000000119894                _strtol_r
 .text._strtoull_r
                0x0000000000119a68      0x268 /opt/devkitPro/devkitARM/bin/../lib/gcc/arm-none-eabi/5.3.0/../../../../arm-none-eabi/lib/armv6k/fpu/libg.a(lib_a-strtoull_r.o)
                0x0000000000119a68                _strtoull_r
 .text._strtoul_r
                0x0000000000119cd0      0x1d4 /opt/devkitPro/devkitARM/bin/../lib/gcc/arm-none-eabi/5.3.0/../../../../arm-none-eabi/lib/armv6k/fpu/libg.a(lib_a-strtoul.o)
                0x0000000000119cd0                _strtoul_r
 .text.__ssprint_r
                0x0000000000119ea4      0x1a8 /opt/devkitPro/devkitARM/bin/../lib/gcc/arm-none-eabi/5.3.0/../../../../arm-none-eabi/lib/armv6k/fpu/libg.a(lib_a-svfiprintf.o)
                0x0000000000119ea4                __ssprint_r
 .text._sungetc_r
                0x000000000011a04c       0xf8 /opt/devkitPro/devkitARM/bin/../lib/gcc/arm-none-eabi/5.3.0/../../../../arm-none-eabi/lib/armv6k/fpu/libg.a(lib_a-svfiscanf.o)
                0x000000000011a04c                _sungetc_r
 .text.__ssrefill_r
                0x000000000011a144       0x6c /opt/devkitPro/devkitARM/bin/../lib/gcc/arm-none-eabi/5.3.0/../../../../arm-none-eabi/lib/armv6k/fpu/libg.a(lib_a-svfiscanf.o)
                0x000000000011a144                __ssrefill_r
 .text._sfread_r
                0x000000000011a1b0       0xc8 /opt/devkitPro/devkitARM/bin/../lib/gcc/arm-none-eabi/5.3.0/../../../../arm-none-eabi/lib/armv6k/fpu/libg.a(lib_a-svfiscanf.o)
                0x000000000011a1b0                _sfread_r
 .text.get_arg  0x000000000011a278     0x161c /opt/devkitPro/devkitARM/bin/../lib/gcc/arm-none-eabi/5.3.0/../../../../arm-none-eabi/lib/armv6k/fpu/libg.a(lib_a-svfprintf.o)
 *fill*         0x000000000011b894        0x4 
 .text._svfprintf_r
                0x000000000011b898     0x4a00 /opt/devkitPro/devkitARM/bin/../lib/gcc/arm-none-eabi/5.3.0/../../../../arm-none-eabi/lib/armv6k/fpu/libg.a(lib_a-svfprintf.o)
                0x000000000011b898                _svfprintf_r
 .text.__submore
                0x0000000000120298       0xa8 /opt/devkitPro/devkitARM/bin/../lib/gcc/arm-none-eabi/5.3.0/../../../../arm-none-eabi/lib/armv6k/fpu/libg.a(lib_a-ungetc.o)
                0x0000000000120298                __submore
 .text.__swbuf_r
                0x0000000000120340      0x124 /opt/devkitPro/devkitARM/bin/../lib/gcc/arm-none-eabi/5.3.0/../../../../arm-none-eabi/lib/armv6k/fpu/libg.a(lib_a-wbuf.o)
                0x0000000000120340                __swbuf_r
 .text._wcsnrtombs_r
                0x0000000000120464      0x190 /opt/devkitPro/devkitARM/bin/../lib/gcc/arm-none-eabi/5.3.0/../../../../arm-none-eabi/lib/armv6k/fpu/libg.a(lib_a-wcsnrtombs.o)
                0x0000000000120464                _wcsnrtombs_r
 .text._calloc_r
                0x00000000001205f4       0x90 /opt/devkitPro/devkitARM/bin/../lib/gcc/arm-none-eabi/5.3.0/../../../../arm-none-eabi/lib/armv6k/fpu/libg.a(lib_a-callocr.o)
                0x00000000001205f4                _calloc_r
 .text._fclose_r
                0x0000000000120684      0x120 /opt/devkitPro/devkitARM/bin/../lib/gcc/arm-none-eabi/5.3.0/../../../../arm-none-eabi/lib/armv6k/fpu/libg.a(lib_a-fclose.o)
                0x0000000000120684                _fclose_r
 .text.rshift   0x00000000001207a4       0xec /opt/devkitPro/devkitARM/bin/../lib/gcc/arm-none-eabi/5.3.0/../../../../arm-none-eabi/lib/armv6k/fpu/libg.a(lib_a-gdtoa-gethex.o)
 .text.__gethex
                0x0000000000120890      0x7d0 /opt/devkitPro/devkitARM/bin/../lib/gcc/arm-none-eabi/5.3.0/../../../../arm-none-eabi/lib/armv6k/fpu/libg.a(lib_a-gdtoa-gethex.o)
                0x0000000000120890                __gethex
 .text.__hexnan
                0x0000000000121060      0x258 /opt/devkitPro/devkitARM/bin/../lib/gcc/arm-none-eabi/5.3.0/../../../../arm-none-eabi/lib/armv6k/fpu/libg.a(lib_a-gdtoa-hexnan.o)
                0x0000000000121060                __hexnan
 .text.__errno  0x00000000001212b8        0xc /opt/devkitPro/devkitARM/bin/../lib/gcc/arm-none-eabi/5.3.0/../../../../arm-none-eabi/lib/armv6k/fpu/libg.a(lib_a-errno.o)
                0x00000000001212b8                __errno
 .text.strnlen  0x00000000001212c4       0x5c /opt/devkitPro/devkitARM/bin/../lib/gcc/arm-none-eabi/5.3.0/../../../../arm-none-eabi/lib/armv6k/fpu/libg.a(lib_a-strnlen.o)
                0x00000000001212c4                strnlen
 .text.strrchr  0x0000000000121320       0x44 /opt/devkitPro/devkitARM/bin/../lib/gcc/arm-none-eabi/5.3.0/../../../../arm-none-eabi/lib/armv6k/fpu/libg.a(lib_a-strrchr.o)
                0x0000000000121320                strrchr
 *(.glue_7)
 .glue_7        0x0000000000121364        0x0 linker stubs
 *(.glue_7t)
 .glue_7t       0x0000000000121364        0x0 linker stubs
 *(.stub)
 *(.gnu.warning)
 *(.gnu.linkonce.t*)
                0x0000000000121364                . = ALIGN (0x4)
 *(.fini)
 .fini          0x0000000000121364        0xc /opt/devkitPro/devkitARM/bin/../lib/gcc/arm-none-eabi/5.3.0/armv6k/fpu/crti.o
                0x0000000000121364                _fini
 .fini          0x0000000000121370        0xc /opt/devkitPro/devkitARM/bin/../lib/gcc/arm-none-eabi/5.3.0/armv6k/fpu/crtn.o
                0x000000000012137c                . = ALIGN (0x4)

.vfp11_veneer   0x000000000012137c        0x0
 .vfp11_veneer  0x000000000012137c        0x0 linker stubs

.v4_bx          0x000000000012137c        0x0
 .v4_bx         0x000000000012137c        0x0 linker stubs

.iplt           0x000000000012137c        0x0
 .iplt          0x000000000012137c        0x0 /opt/devkitPro/devkitARM/bin/../lib/gcc/arm-none-eabi/5.3.0/../../../../arm-none-eabi/lib/armv6k/fpu/3dsx_crt0.o

.rodata         0x0000000000122000     0x4800
 *(.rodata)
 .rodata        0x0000000000122000      0x168 /opt/devkitPro/libctru/lib/libctru.a(console.o)
 .rodata        0x0000000000122168       0x14 /opt/devkitPro/libctru/lib/libctru.a(gfx.o)
 .rodata        0x000000000012217c        0xc /opt/devkitPro/libctru/lib/libctru.a(apt.o)
 .rodata        0x0000000000122188      0x804 /opt/devkitPro/libctru/lib/libctru.a(default_font.bin.o)
                0x0000000000122188                default_font_bin
                0x0000000000122988                default_font_bin_end
                0x0000000000122988                default_font_bin_size
 .rodata        0x000000000012298c       0x30 /opt/devkitPro/libctru/lib/libctru.a(sdmc_dev.o)
 .rodata        0x00000000001229bc       0x68 /opt/devkitPro/devkitARM/bin/../lib/gcc/arm-none-eabi/5.3.0/../../../../arm-none-eabi/lib/armv6k/fpu/libsysbase.a(iosupport.o)
                0x00000000001229bc                dotab_stdnull
 .rodata        0x0000000000122a24        0xc /opt/devkitPro/devkitARM/bin/../lib/gcc/arm-none-eabi/5.3.0/../../../../arm-none-eabi/lib/armv6k/fpu/libsysbase.a(chdir.o)
                0x0000000000122a24                DIRECTORY_PARENT
                0x0000000000122a28                DIRECTORY_THIS
                0x0000000000122a2c                DIRECTORY_SEPARATOR
 *(.roda)
 *(.rodata.*)
 .rodata.str1.4
                0x0000000000122a30       0xf5 main.o
                                         0xf8 (size before relaxing)
 *fill*         0x0000000000122b25        0x3 
 .rodata.str1.4
                0x0000000000122b28       0x70 /opt/devkitPro/libctru/lib/libctru.a(console.o)
 .rodata.str1.4
                0x0000000000122b98        0x2 /opt/devkitPro/libctru/lib/libctru.a(thread.o)
                                          0x4 (size before relaxing)
 *fill*         0x0000000000122b9a        0x2 
 .rodata.str1.4
                0x0000000000122b9c       0x16 /opt/devkitPro/libctru/lib/libctru.a(apt.o)
                                         0x18 (size before relaxing)
 *fill*         0x0000000000122bb2        0x2 
 .rodata.str1.4
                0x0000000000122bb4        0x9 /opt/devkitPro/libctru/lib/libctru.a(gspgpu.o)
                                          0xc (size before relaxing)
 *fill*         0x0000000000122bbd        0x3 
 .rodata.str1.4
                0x0000000000122bc0       0x15 /opt/devkitPro/libctru/lib/libctru.a(hid.o)
                                         0x18 (size before relaxing)
 *fill*         0x0000000000122bd5        0x3 
 .rodata.str1.4
                0x0000000000122bd8        0x7 /opt/devkitPro/libctru/lib/libctru.a(irrst.o)
                                          0x8 (size before relaxing)
 *fill*         0x0000000000122bdf        0x1 
 .rodata.str1.4
                0x0000000000122be0        0x5 /opt/devkitPro/libctru/lib/libctru.a(srv.o)
                                          0x8 (size before relaxing)
 *fill*         0x0000000000122be5        0x3 
 .rodata.str1.4
                0x0000000000122be8        0x9 /opt/devkitPro/libctru/lib/libctru.a(ptmsysm.o)
                                          0xc (size before relaxing)
 *fill*         0x0000000000122bf1        0x3 
 .rodata.str1.4
                0x0000000000122bf4        0x5 /opt/devkitPro/libctru/lib/libctru.a(sdmc_dev.o)
                                          0xc (size before relaxing)
 *fill*         0x0000000000122bf9        0x3 
 .rodata.str1.4
                0x0000000000122bfc        0x8 /opt/devkitPro/libctru/lib/libctru.a(fs.o)
                                          0xc (size before relaxing)
 .rodata.str1.4
                0x0000000000122c04        0x4 /opt/devkitPro/devkitARM/bin/../lib/gcc/arm-none-eabi/5.3.0/../../../../arm-none-eabi/lib/armv6k/fpu/libg.a(lib_a-impure.o)
 .rodata.str1.4
                0x0000000000122c04        0x8 /opt/devkitPro/devkitARM/bin/../lib/gcc/arm-none-eabi/5.3.0/../../../../arm-none-eabi/lib/armv6k/fpu/libg.a(lib_a-puts.o)
                                          0x4 (size before relaxing)
 .rodata.basefix.7044
                0x0000000000122c04       0x24 /opt/devkitPro/devkitARM/bin/../lib/gcc/arm-none-eabi/5.3.0/../../../../arm-none-eabi/lib/armv6k/fpu/libg.a(lib_a-svfscanf.o)
 .rodata.str1.4
                0x0000000000122c28        0x5 /opt/devkitPro/devkitARM/bin/../lib/gcc/arm-none-eabi/5.3.0/../../../../arm-none-eabi/lib/armv6k/fpu/libg.a(lib_a-svfscanf.o)
                                          0x8 (size before relaxing)
 *fill*         0x0000000000122c2d        0x3 
 .rodata.zeroes.7138
                0x0000000000122c30       0x10 /opt/devkitPro/devkitARM/bin/../lib/gcc/arm-none-eabi/5.3.0/../../../../arm-none-eabi/lib/armv6k/fpu/libg.a(lib_a-vfprintf.o)
 .rodata.str1.4
                0x0000000000122c40       0x42 /opt/devkitPro/devkitARM/bin/../lib/gcc/arm-none-eabi/5.3.0/../../../../arm-none-eabi/lib/armv6k/fpu/libg.a(lib_a-vfprintf.o)
                                         0x44 (size before relaxing)
 *fill*         0x0000000000122c82        0x2 
 .rodata.blanks.7137
                0x0000000000122c84       0x10 /opt/devkitPro/devkitARM/bin/../lib/gcc/arm-none-eabi/5.3.0/../../../../arm-none-eabi/lib/armv6k/fpu/libg.a(lib_a-vfprintf.o)
 .rodata._ctype_
                0x0000000000122c94      0x104 /opt/devkitPro/devkitARM/bin/../lib/gcc/arm-none-eabi/5.3.0/../../../../arm-none-eabi/lib/armv6k/fpu/libg.a(lib_a-ctype_.o)
                0x0000000000122c94                _ctype_
 .rodata.str1.4
                0x0000000000122d98       0x10 /opt/devkitPro/devkitARM/bin/../lib/gcc/arm-none-eabi/5.3.0/../../../../arm-none-eabi/lib/armv6k/fpu/libg.a(lib_a-dtoa.o)
                                         0x14 (size before relaxing)
 .rodata.a1     0x0000000000122da8       0xbc /opt/devkitPro/devkitARM/bin/../lib/gcc/arm-none-eabi/5.3.0/../../../../arm-none-eabi/lib/armv6k/fpu/libg.a(lib_a-jp2uc.o)
 .rodata.a2     0x0000000000122e64       0xbc /opt/devkitPro/devkitARM/bin/../lib/gcc/arm-none-eabi/5.3.0/../../../../arm-none-eabi/lib/armv6k/fpu/libg.a(lib_a-jp2uc.o)
 .rodata.a3     0x0000000000122f20       0x5c /opt/devkitPro/devkitARM/bin/../lib/gcc/arm-none-eabi/5.3.0/../../../../arm-none-eabi/lib/armv6k/fpu/libg.a(lib_a-jp2uc.o)
 .rodata.a6     0x0000000000122f7c       0x70 /opt/devkitPro/devkitARM/bin/../lib/gcc/arm-none-eabi/5.3.0/../../../../arm-none-eabi/lib/armv6k/fpu/libg.a(lib_a-jp2uc.o)
 .rodata.a7     0x0000000000122fec       0xa4 /opt/devkitPro/devkitARM/bin/../lib/gcc/arm-none-eabi/5.3.0/../../../../arm-none-eabi/lib/armv6k/fpu/libg.a(lib_a-jp2uc.o)
 .rodata.a8     0x0000000000123090       0x40 /opt/devkitPro/devkitARM/bin/../lib/gcc/arm-none-eabi/5.3.0/../../../../arm-none-eabi/lib/armv6k/fpu/libg.a(lib_a-jp2uc.o)
 .rodata.str1.4
                0x00000000001230d0       0x12 /opt/devkitPro/devkitARM/bin/../lib/gcc/arm-none-eabi/5.3.0/../../../../arm-none-eabi/lib/armv6k/fpu/libg.a(lib_a-jp2uc.o)
                                         0x14 (size before relaxing)
 *fill*         0x00000000001230e2        0x2 
 .rodata.b02cf  0x00000000001230e4     0x172c /opt/devkitPro/devkitARM/bin/../lib/gcc/arm-none-eabi/5.3.0/../../../../arm-none-eabi/lib/armv6k/fpu/libg.a(lib_a-jp2uc.o)
 .rodata.d02f4  0x0000000000124810     0x1a7c /opt/devkitPro/devkitARM/bin/../lib/gcc/arm-none-eabi/5.3.0/../../../../arm-none-eabi/lib/armv6k/fpu/libg.a(lib_a-jp2uc.o)
 .rodata.str1.4
                0x000000000012628c      0x110 /opt/devkitPro/devkitARM/bin/../lib/gcc/arm-none-eabi/5.3.0/../../../../arm-none-eabi/lib/armv6k/fpu/libg.a(lib_a-locale.o)
                                        0x130 (size before relaxing)
 .rodata.str1.4
                0x000000000012639c        0x4 /opt/devkitPro/devkitARM/bin/../lib/gcc/arm-none-eabi/5.3.0/../../../../arm-none-eabi/lib/armv6k/fpu/libg.a(lib_a-mbrtowc.o)
 *fill*         0x000000000012639c        0x4 
 .rodata.__mprec_tens
                0x00000000001263a0       0xc8 /opt/devkitPro/devkitARM/bin/../lib/gcc/arm-none-eabi/5.3.0/../../../../arm-none-eabi/lib/armv6k/fpu/libg.a(lib_a-mprec.o)
                0x00000000001263a0                __mprec_tens
 .rodata.p05.5412
                0x0000000000126468        0xc /opt/devkitPro/devkitARM/bin/../lib/gcc/arm-none-eabi/5.3.0/../../../../arm-none-eabi/lib/armv6k/fpu/libg.a(lib_a-mprec.o)
 *fill*         0x0000000000126474        0x4 
 .rodata.__mprec_bigtens
                0x0000000000126478       0x28 /opt/devkitPro/devkitARM/bin/../lib/gcc/arm-none-eabi/5.3.0/../../../../arm-none-eabi/lib/armv6k/fpu/libg.a(lib_a-mprec.o)
                0x0000000000126478                __mprec_bigtens
 .rodata.fpinan.5417
                0x00000000001264a0       0x14 /opt/devkitPro/devkitARM/bin/../lib/gcc/arm-none-eabi/5.3.0/../../../../arm-none-eabi/lib/armv6k/fpu/libg.a(lib_a-strtod.o)
 .rodata.str1.4
                0x00000000001264b4        0xf /opt/devkitPro/devkitARM/bin/../lib/gcc/arm-none-eabi/5.3.0/../../../../arm-none-eabi/lib/armv6k/fpu/libg.a(lib_a-strtod.o)
                                         0x10 (size before relaxing)
 *fill*         0x00000000001264c3        0x1 
 .rodata.fpi.5381
                0x00000000001264c4       0x14 /opt/devkitPro/devkitARM/bin/../lib/gcc/arm-none-eabi/5.3.0/../../../../arm-none-eabi/lib/armv6k/fpu/libg.a(lib_a-strtod.o)
 .rodata.tinytens
                0x00000000001264d8       0x28 /opt/devkitPro/devkitARM/bin/../lib/gcc/arm-none-eabi/5.3.0/../../../../arm-none-eabi/lib/armv6k/fpu/libg.a(lib_a-strtod.o)
 .rodata.__state_table
                0x0000000000126500       0x6c /opt/devkitPro/devkitARM/bin/../lib/gcc/arm-none-eabi/5.3.0/../../../../arm-none-eabi/lib/armv6k/fpu/libg.a(lib_a-svfiprintf.o)
                0x0000000000126500                __state_table
 .rodata.__chclass
                0x000000000012656c      0x100 /opt/devkitPro/devkitARM/bin/../lib/gcc/arm-none-eabi/5.3.0/../../../../arm-none-eabi/lib/armv6k/fpu/libg.a(lib_a-svfiprintf.o)
                0x000000000012656c                __chclass
 .rodata.__action_table
                0x000000000012666c       0x6c /opt/devkitPro/devkitARM/bin/../lib/gcc/arm-none-eabi/5.3.0/../../../../arm-none-eabi/lib/armv6k/fpu/libg.a(lib_a-svfiprintf.o)
                0x000000000012666c                __action_table
 .rodata.blanks.7122
                0x00000000001266d8       0x10 /opt/devkitPro/devkitARM/bin/../lib/gcc/arm-none-eabi/5.3.0/../../../../arm-none-eabi/lib/armv6k/fpu/libg.a(lib_a-svfprintf.o)
 .rodata.str1.4
                0x00000000001266e8       0x44 /opt/devkitPro/devkitARM/bin/../lib/gcc/arm-none-eabi/5.3.0/../../../../arm-none-eabi/lib/armv6k/fpu/libg.a(lib_a-svfprintf.o)
 .rodata.zeroes.7123
                0x00000000001266e8       0x10 /opt/devkitPro/devkitARM/bin/../lib/gcc/arm-none-eabi/5.3.0/../../../../arm-none-eabi/lib/armv6k/fpu/libg.a(lib_a-svfprintf.o)
 .rodata.__hexdig
                0x00000000001266f8      0x100 /opt/devkitPro/devkitARM/bin/../lib/gcc/arm-none-eabi/5.3.0/../../../../arm-none-eabi/lib/armv6k/fpu/libg.a(lib_a-gdtoa-gethex.o)
                0x00000000001266f8                __hexdig
 .rodata.str1.4
                0x00000000001267f8        0x8 /opt/devkitPro/devkitARM/bin/../lib/gcc/arm-none-eabi/5.3.0/../../../../arm-none-eabi/lib/armv6k/fpu/libsysbase.a(iosupport.o)
 *all.rodata*(*)
 *(.gnu.linkonce.r*)
                0x0000000000126800                . = ALIGN (0x4)

.eh_frame       0x0000000000126800        0x0
 .eh_frame      0x0000000000126800        0x0 /opt/devkitPro/devkitARM/bin/../lib/gcc/arm-none-eabi/5.3.0/armv6k/fpu/crtbegin.o

.rel.dyn        0x0000000000126800        0x0
 .rel.iplt      0x0000000000126800        0x0 /opt/devkitPro/devkitARM/bin/../lib/gcc/arm-none-eabi/5.3.0/../../../../arm-none-eabi/lib/armv6k/fpu/3dsx_crt0.o

.ARM.extab
 *(.ARM.extab* .gnu.linkonce.armextab.*)
                0x0000000000126800                __exidx_start = .

ARM.exidx
 *(.ARM.exidx* .gnu.linkonce.armexidx.*)
                0x0000000000126800                __exidx_end = .

.data           0x0000000000127000     0x2e40
 *(.data)
 .data          0x0000000000127000        0x4 main.o
 .data          0x0000000000127004       0x54 /opt/devkitPro/libctru/lib/libctru.a(console.o)
                0x0000000000127004                defaultConsole
                0x0000000000127050                currentConsole
 .data          0x0000000000127058        0xc /opt/devkitPro/libctru/lib/libctru.a(gfx.o)
 .data          0x0000000000127064        0x4 /opt/devkitPro/libctru/lib/libctru.a(stack_adjust.o)
                0x0000000000127064                __stacksize__
 .data          0x0000000000127068      0x488 /opt/devkitPro/libctru/lib/libctru.a(sdmc_dev.o)
 .data          0x00000000001274f0       0x44 /opt/devkitPro/devkitARM/bin/../lib/gcc/arm-none-eabi/5.3.0/../../../../arm-none-eabi/lib/armv6k/fpu/libsysbase.a(iosupport.o)
                0x00000000001274f4                devoptab_list
 .data          0x0000000000127534     0x1000 /opt/devkitPro/devkitARM/bin/../lib/gcc/arm-none-eabi/5.3.0/../../../../arm-none-eabi/lib/armv6k/fpu/libsysbase.a(chdir.o)
 .data          0x0000000000128534     0x1028 /opt/devkitPro/devkitARM/bin/../lib/gcc/arm-none-eabi/5.3.0/../../../../arm-none-eabi/lib/armv6k/fpu/libsysbase.a(handle_manager.o)
 *(.data.*)
 *fill*         0x000000000012955c        0x4 
 .data.impure_data
                0x0000000000129560      0x440 /opt/devkitPro/devkitARM/bin/../lib/gcc/arm-none-eabi/5.3.0/../../../../arm-none-eabi/lib/armv6k/fpu/libg.a(lib_a-impure.o)
 .data._impure_ptr
                0x00000000001299a0        0x4 /opt/devkitPro/devkitARM/bin/../lib/gcc/arm-none-eabi/5.3.0/../../../../arm-none-eabi/lib/armv6k/fpu/libg.a(lib_a-impure.o)
                0x00000000001299a0                _impure_ptr
 .data.__malloc_av_
                0x00000000001299a4      0x408 /opt/devkitPro/devkitARM/bin/../lib/gcc/arm-none-eabi/5.3.0/../../../../arm-none-eabi/lib/armv6k/fpu/libg.a(lib_a-mallocr.o)
                0x00000000001299a4                __malloc_av_
 .data.__malloc_trim_threshold
                0x0000000000129dac        0x4 /opt/devkitPro/devkitARM/bin/../lib/gcc/arm-none-eabi/5.3.0/../../../../arm-none-eabi/lib/armv6k/fpu/libg.a(lib_a-mallocr.o)
                0x0000000000129dac                __malloc_trim_threshold
 .data.__malloc_sbrk_base
                0x0000000000129db0        0x4 /opt/devkitPro/devkitARM/bin/../lib/gcc/arm-none-eabi/5.3.0/../../../../arm-none-eabi/lib/armv6k/fpu/libg.a(lib_a-mallocr.o)
                0x0000000000129db0                __malloc_sbrk_base
 .data.__malloc_lock_object
                0x0000000000129db4        0xc /opt/devkitPro/devkitARM/bin/../lib/gcc/arm-none-eabi/5.3.0/../../../../arm-none-eabi/lib/armv6k/fpu/libg.a(lib_a-mlock.o)
 .data.__wctomb
                0x0000000000129dc0        0x4 /opt/devkitPro/devkitARM/bin/../lib/gcc/arm-none-eabi/5.3.0/../../../../arm-none-eabi/lib/armv6k/fpu/libg.a(lib_a-wctomb_r.o)
                0x0000000000129dc0                __wctomb
 .data.__ctype_ptr__
                0x0000000000129dc4        0x4 /opt/devkitPro/devkitARM/bin/../lib/gcc/arm-none-eabi/5.3.0/../../../../arm-none-eabi/lib/armv6k/fpu/libg.a(lib_a-ctype_.o)
                0x0000000000129dc4                __ctype_ptr__
 .data.__sfp_lock
                0x0000000000129dc8        0xc /opt/devkitPro/devkitARM/bin/../lib/gcc/arm-none-eabi/5.3.0/../../../../arm-none-eabi/lib/armv6k/fpu/libg.a(lib_a-findfp.o)
 .data.__sinit_lock
                0x0000000000129dd4        0xc /opt/devkitPro/devkitARM/bin/../lib/gcc/arm-none-eabi/5.3.0/../../../../arm-none-eabi/lib/armv6k/fpu/libg.a(lib_a-findfp.o)
 .data.lconv    0x0000000000129de0       0x38 /opt/devkitPro/devkitARM/bin/../lib/gcc/arm-none-eabi/5.3.0/../../../../arm-none-eabi/lib/armv6k/fpu/libg.a(lib_a-locale.o)
 .data.lc_ctype_charset
                0x0000000000129e18       0x20 /opt/devkitPro/devkitARM/bin/../lib/gcc/arm-none-eabi/5.3.0/../../../../arm-none-eabi/lib/armv6k/fpu/libg.a(lib_a-locale.o)
 .data.__mb_cur_max
                0x0000000000129e38        0x4 /opt/devkitPro/devkitARM/bin/../lib/gcc/arm-none-eabi/5.3.0/../../../../arm-none-eabi/lib/armv6k/fpu/libg.a(lib_a-locale.o)
                0x0000000000129e38                __mb_cur_max
 .data.__mbtowc
                0x0000000000129e3c        0x4 /opt/devkitPro/devkitARM/bin/../lib/gcc/arm-none-eabi/5.3.0/../../../../arm-none-eabi/lib/armv6k/fpu/libg.a(lib_a-mbtowc_r.o)
                0x0000000000129e3c                __mbtowc
 *(.gnu.linkonce.d*)
                0x0000000000129e40                . = ALIGN (0x4)

.igot.plt       0x0000000000129e40        0x0
 .igot.plt      0x0000000000129e40        0x0 /opt/devkitPro/devkitARM/bin/../lib/gcc/arm-none-eabi/5.3.0/../../../../arm-none-eabi/lib/armv6k/fpu/3dsx_crt0.o

.jcr            0x0000000000129e40        0x0
 .jcr           0x0000000000129e40        0x0 /opt/devkitPro/devkitARM/bin/../lib/gcc/arm-none-eabi/5.3.0/armv6k/fpu/crtbegin.o

.tm_clone_table
                0x0000000000129e40        0x0
 .tm_clone_table
                0x0000000000129e40        0x0 /opt/devkitPro/devkitARM/bin/../lib/gcc/arm-none-eabi/5.3.0/armv6k/fpu/crtbegin.o
 .tm_clone_table
                0x0000000000129e40        0x0 /opt/devkitPro/devkitARM/bin/../lib/gcc/arm-none-eabi/5.3.0/armv6k/fpu/crtend.o
                0x0000000000129e40                __TMC_END__

.tdata          0x0000000000129e40        0x0
                0x0000000000129e40                __tdata_lma = .
 *(.tdata)
 *(.tdata.*)
 *(.gnu.linkonce.td.*)
                0x0000000000129e40                . = ALIGN (0x4)
                0x0000000000129e40                __tdata_lma_end = .

.tbss           0x0000000000129e40     0x340c
 *(.tbss)
 .tbss          0x0000000000129e40     0x340c /opt/devkitPro/libctru/lib/libctru.a(sdmc_dev.o)
 *(.tbss.*)
 *(.gnu.linkonce.tb.*)
 *(.tcommon)
                0x000000000012d24c                . = ALIGN (0x4)

.preinit_array  0x0000000000129e40        0x0
                0x0000000000129e40                PROVIDE (__preinit_array_start, .)
 *(.preinit_array)
                0x0000000000129e40                PROVIDE (__preinit_array_end, .)

.init_array     0x0000000000129e40        0x4
                0x0000000000129e40                PROVIDE (__init_array_start, .)
 *(SORT(.init_array.*))
 *(.init_array)
 .init_array    0x0000000000129e40        0x4 /opt/devkitPro/devkitARM/bin/../lib/gcc/arm-none-eabi/5.3.0/armv6k/fpu/crtbegin.o
                0x0000000000129e44                PROVIDE (__init_array_end, .)

.fini_array     0x0000000000129e44        0x4
                0x0000000000129e44                PROVIDE (__fini_array_start, .)
 *(.fini_array)
 .fini_array    0x0000000000129e44        0x4 /opt/devkitPro/devkitARM/bin/../lib/gcc/arm-none-eabi/5.3.0/armv6k/fpu/crtbegin.o
 *(SORT(.fini_array.*))
                0x0000000000129e48                PROVIDE (__fini_array_end, .)

.ctors
 *crtbegin.o(.ctors)
 *(EXCLUDE_FILE(*crtend.o) .ctors)
 *(SORT(.ctors.*))
 *(.ctors)

.dtors
 *crtbegin.o(.dtors)
 *(EXCLUDE_FILE(*crtend.o) .dtors)
 *(SORT(.dtors.*))
 *(.dtors)
                0x0000000000129e48                __bss_start__ = .

.bss            0x0000000000129e48     0x5718
 *(.dynbss)
 *(.bss)
 .bss           0x0000000000129e48       0x1c /opt/devkitPro/devkitARM/bin/../lib/gcc/arm-none-eabi/5.3.0/armv6k/fpu/crtbegin.o
 .bss           0x0000000000129e64        0xc /opt/devkitPro/libctru/lib/libctru.a(gfx.o)
 .bss           0x0000000000129e70        0x4 /opt/devkitPro/libctru/lib/libctru.a(synchronization.o)
 .bss           0x0000000000129e74       0x54 /opt/devkitPro/libctru/lib/libctru.a(apt.o)
                0x0000000000129e84                aptStatus
                0x0000000000129eb0                aptStatusBeforeSleep
 .bss           0x0000000000129ec8        0xc /opt/devkitPro/libctru/lib/libctru.a(gspgpu.o)
 .bss           0x0000000000129ed4       0x2c /opt/devkitPro/libctru/lib/libctru.a(hid.o)
 .bss           0x0000000000129f00        0xc /opt/devkitPro/libctru/lib/libctru.a(irrst.o)
 .bss           0x0000000000129f0c        0x8 /opt/devkitPro/libctru/lib/libctru.a(stack_adjust.o)
 .bss           0x0000000000129f14       0x14 /opt/devkitPro/libctru/lib/libctru.a(linear.o)
 .bss           0x0000000000129f28       0x14 /opt/devkitPro/libctru/lib/libctru.a(mappable.o)